FATAL [Thread-2] 2025-10-26T18:27:08,782 GUIScheduleRunner - RunTimeException when running the schedule
Current tick (1.0)
groovy.lang.MissingPropertyException: No such property: enSubte for class: subtes.relogo.Pasajero
	at org.codehaus.groovy.runtime.ScriptBytecodeAdapter.unwrap(ScriptBytecodeAdapter.java:65) ~[groovy-3.0.21-indy.jar:3.0.21]
	at org.codehaus.groovy.vmplugin.v8.IndyGuardsFiltersAndSignatures.unwrap(IndyGuardsFiltersAndSignatures.java:160) ~[groovy-3.0.21-indy.jar:3.0.21]
	at org.codehaus.groovy.vmplugin.v8.IndyInterface.fromCache(IndyInterface.java:318) ~[groovy-3.0.21-indy.jar:3.0.21]
	at subtes.relogo.UserObserver$_andenC_ocupacion_closure8.doCall(UserObserver.groovy:86) ~[?:?]
	at jdk.internal.reflect.NativeMethodAccessorImpl.invoke0(Native Method) ~[?:?]
	at jdk.internal.reflect.NativeMethodAccessorImpl.invoke(NativeMethodAccessorImpl.java:77) ~[?:?]
	at jdk.internal.reflect.DelegatingMethodAccessorImpl.invoke(DelegatingMethodAccessorImpl.java:43) ~[?:?]
	at java.lang.reflect.Method.invoke(Method.java:568) ~[?:?]
	at org.codehaus.groovy.reflection.CachedMethod.invoke(CachedMethod.java:107) ~[groovy-3.0.21-indy.jar:3.0.21]
	at groovy.lang.MetaMethod.doMethodInvoke(MetaMethod.java:323) ~[groovy-3.0.21-indy.jar:3.0.21]
	at org.codehaus.groovy.runtime.metaclass.ClosureMetaClass.invokeMethod(ClosureMetaClass.java:274) ~[groovy-3.0.21-indy.jar:3.0.21]
	at groovy.lang.MetaClassImpl.invokeMethod(MetaClassImpl.java:1030) ~[groovy-3.0.21-indy.jar:3.0.21]
	at org.codehaus.groovy.vmplugin.v8.IndyInterface.fromCache(IndyInterface.java:318) ~[groovy-3.0.21-indy.jar:3.0.21]
	at repast.simphony.relogo.AgentSet$_with_closure5.doCall(AgentSet.groovy:48) ~[?:?]
	at jdk.internal.reflect.NativeMethodAccessorImpl.invoke0(Native Method) ~[?:?]
	at jdk.internal.reflect.NativeMethodAccessorImpl.invoke(NativeMethodAccessorImpl.java:77) ~[?:?]
	at jdk.internal.reflect.DelegatingMethodAccessorImpl.invoke(DelegatingMethodAccessorImpl.java:43) ~[?:?]
	at java.lang.reflect.Method.invoke(Method.java:568) ~[?:?]
	at org.codehaus.groovy.reflection.CachedMethod.invoke(CachedMethod.java:107) ~[groovy-3.0.21-indy.jar:3.0.21]
	at groovy.lang.MetaMethod.doMethodInvoke(MetaMethod.java:323) ~[groovy-3.0.21-indy.jar:3.0.21]
	at org.codehaus.groovy.runtime.metaclass.ClosureMetaClass.invokeMethod(ClosureMetaClass.java:274) ~[groovy-3.0.21-indy.jar:3.0.21]
	at groovy.lang.MetaClassImpl.invokeMethod(MetaClassImpl.java:1030) ~[groovy-3.0.21-indy.jar:3.0.21]
	at org.codehaus.groovy.runtime.callsite.PogoMetaClassSite.call(PogoMetaClassSite.java:38) ~[groovy-3.0.21-indy.jar:3.0.21]
	at org.codehaus.groovy.runtime.callsite.CallSiteArray.defaultCall(CallSiteArray.java:47) ~[groovy-3.0.21-indy.jar:3.0.21]
	at org.codehaus.groovy.runtime.callsite.AbstractCallSite.call(AbstractCallSite.java:125) ~[groovy-3.0.21-indy.jar:3.0.21]
	at org.codehaus.groovy.runtime.callsite.BooleanReturningMethodInvoker.invoke(BooleanReturningMethodInvoker.java:49) ~[groovy-3.0.21-indy.jar:3.0.21]
	at org.codehaus.groovy.runtime.callsite.BooleanClosureWrapper.call(BooleanClosureWrapper.java:52) ~[groovy-3.0.21-indy.jar:3.0.21]
	at org.codehaus.groovy.runtime.DefaultGroovyMethods.findAll(DefaultGroovyMethods.java:5027) ~[groovy-3.0.21-indy.jar:3.0.21]
	at org.codehaus.groovy.runtime.DefaultGroovyMethods.findAll(DefaultGroovyMethods.java:4882) ~[groovy-3.0.21-indy.jar:3.0.21]
	at org.codehaus.groovy.runtime.DefaultGroovyMethods.findAll(DefaultGroovyMethods.java:4869) ~[groovy-3.0.21-indy.jar:3.0.21]
	at org.codehaus.groovy.runtime.dgm$246.doMethodInvoke(Unknown Source) ~[groovy-3.0.21-indy.jar:3.0.21]
	at org.codehaus.groovy.vmplugin.v8.IndyInterface.fromCache(IndyInterface.java:318) ~[groovy-3.0.21-indy.jar:3.0.21]
	at repast.simphony.relogo.AgentSet.with(AgentSet.groovy:46) ~[?:?]
	at org.codehaus.groovy.vmplugin.v8.IndyInterface.fromCache(IndyInterface.java:318) ~[groovy-3.0.21-indy.jar:3.0.21]
	at subtes.relogo.UserObserver.andenC_ocupacion(UserObserver.groovy:85) ~[?:?]
	at jdk.internal.reflect.NativeMethodAccessorImpl.invoke0(Native Method) ~[?:?]
	at jdk.internal.reflect.NativeMethodAccessorImpl.invoke(NativeMethodAccessorImpl.java:77) ~[?:?]
	at jdk.internal.reflect.DelegatingMethodAccessorImpl.invoke(DelegatingMethodAccessorImpl.java:43) ~[?:?]
	at java.lang.reflect.Method.invoke(Method.java:568) ~[?:?]
	at org.codehaus.groovy.reflection.CachedMethod.invoke(CachedMethod.java:107) ~[groovy-3.0.21-indy.jar:3.0.21]
	at groovy.lang.MetaMethod.doMethodInvoke(MetaMethod.java:323) ~[groovy-3.0.21-indy.jar:3.0.21]
	at groovy.lang.MetaClassImpl.invokeMethod(MetaClassImpl.java:1254) ~[groovy-3.0.21-indy.jar:3.0.21]
	at groovy.lang.MetaClassImpl.invokeMethod(MetaClassImpl.java:1030) ~[groovy-3.0.21-indy.jar:3.0.21]
	at org.codehaus.groovy.runtime.InvokerHelper.invokePogoMethod(InvokerHelper.java:1036) ~[groovy-3.0.21-indy.jar:3.0.21]
	at org.codehaus.groovy.runtime.InvokerHelper.invokeMethod(InvokerHelper.java:1019) ~[groovy-3.0.21-indy.jar:3.0.21]
	at org.codehaus.groovy.runtime.ScriptBytecodeAdapter.invokeMethodN(ScriptBytecodeAdapter.java:180) ~[groovy-3.0.21-indy.jar:3.0.21]
	at org.codehaus.groovy.runtime.ScriptBytecodeAdapter.invokeMethod0(ScriptBytecodeAdapter.java:201) ~[groovy-3.0.21-indy.jar:3.0.21]
	at repast.simphony.relogo.factories.ReLogoGlobalsAndPanelComponentsFactory$_createMonitor_closure5.doCall(ReLogoGlobalsAndPanelComponentsFactory.groovy:126) ~[?:?]
	at jdk.internal.reflect.NativeMethodAccessorImpl.invoke0(Native Method) ~[?:?]
	at jdk.internal.reflect.NativeMethodAccessorImpl.invoke(NativeMethodAccessorImpl.java:77) ~[?:?]
	at jdk.internal.reflect.DelegatingMethodAccessorImpl.invoke(DelegatingMethodAccessorImpl.java:43) ~[?:?]
	at java.lang.reflect.Method.invoke(Method.java:568) ~[?:?]
	at org.codehaus.groovy.reflection.CachedMethod.invoke(CachedMethod.java:107) ~[groovy-3.0.21-indy.jar:3.0.21]
	at groovy.lang.MetaMethod.doMethodInvoke(MetaMethod.java:323) ~[groovy-3.0.21-indy.jar:3.0.21]
	at org.codehaus.groovy.runtime.metaclass.ClosureMetaClass.invokeMethod(ClosureMetaClass.java:274) ~[groovy-3.0.21-indy.jar:3.0.21]
	at groovy.lang.MetaClassImpl.invokeMethod(MetaClassImpl.java:1030) ~[groovy-3.0.21-indy.jar:3.0.21]
	at groovy.lang.Closure.call(Closure.java:427) ~[groovy-3.0.21-indy.jar:3.0.21]
	at org.codehaus.groovy.runtime.ConvertedMap.invokeCustom(ConvertedMap.java:54) ~[groovy-3.0.21-indy.jar:3.0.21]
	at org.codehaus.groovy.runtime.ConversionHandler.invoke(ConversionHandler.java:112) ~[groovy-3.0.21-indy.jar:3.0.21]
	at jdk.proxy3.$Proxy21.execute(Unknown Source) ~[?:?]
	at repast.simphony.engine.schedule.DefaultAction.execute(DefaultAction.java:38) ~[?:?]
	at repast.simphony.engine.schedule.ScheduleGroup.executeList(ScheduleGroup.java:205) ~[?:?]
	at repast.simphony.engine.schedule.ScheduleGroup.execute(ScheduleGroup.java:231) ~[?:?]
	at repast.simphony.engine.schedule.Schedule.execute(Schedule.java:375) ~[?:?]
	at repast.simphony.ui.GUIScheduleRunner$ScheduleLoopRunnable.run(GUIScheduleRunner.java:52) ~[?:?]
	at java.lang.Thread.run(Thread.java:840) ~[?:?]
FATAL [Thread-2] 2025-10-26T18:44:04,183 GUIScheduleRunner - RunTimeException when running the schedule
Current tick (0.0)
java.lang.RuntimeException: java.lang.reflect.InvocationTargetException
	at repast.simphony.engine.schedule.DynamicTargetAction.execute(DynamicTargetAction.java:72) ~[?:?]
	at repast.simphony.engine.controller.ScheduledMethodControllerAction$ScheduleMethodAllAction.execute(ScheduledMethodControllerAction.java:336) ~[?:?]
	at repast.simphony.engine.schedule.DefaultAction.execute(DefaultAction.java:38) ~[?:?]
	at repast.simphony.engine.schedule.ScheduleGroup.executeList(ScheduleGroup.java:205) ~[?:?]
	at repast.simphony.engine.schedule.ScheduleGroup.execute(ScheduleGroup.java:231) ~[?:?]
	at repast.simphony.engine.schedule.Schedule.execute(Schedule.java:375) ~[?:?]
	at repast.simphony.ui.GUIScheduleRunner$ScheduleLoopRunnable.run(GUIScheduleRunner.java:52) ~[?:?]
	at java.lang.Thread.run(Thread.java:840) ~[?:?]
Caused by: java.lang.reflect.InvocationTargetException
	at subtes.relogo.UserObserver$$FastClassByCGLIB$$8c740765.invoke(<generated>) ~[?:?]
	at net.sf.cglib.reflect.FastMethod.invoke(FastMethod.java:53) ~[?:?]
	at repast.simphony.engine.schedule.DynamicTargetAction.execute(DynamicTargetAction.java:69) ~[?:?]
	... 7 more
Caused by: groovy.lang.MissingMethodException: No signature of method: subtes.relogo.UserObserver.createVagones() is applicable for argument types: (Integer, subtes.relogo.UserObserver$_setup_closure6) values: [1, subtes.relogo.UserObserver$_setup_closure6@359715b1]
Possible solutions: createVagons(int), createVagons(int, groovy.lang.Closure)
	at org.codehaus.groovy.runtime.ScriptBytecodeAdapter.unwrap(ScriptBytecodeAdapter.java:70) ~[groovy-3.0.21-indy.jar:3.0.21]
	at org.codehaus.groovy.vmplugin.v8.IndyGuardsFiltersAndSignatures.unwrap(IndyGuardsFiltersAndSignatures.java:160) ~[groovy-3.0.21-indy.jar:3.0.21]
	at org.codehaus.groovy.vmplugin.v8.IndyInterface.fromCache(IndyInterface.java:318) ~[groovy-3.0.21-indy.jar:3.0.21]
	at subtes.relogo.UserObserver.setup(UserObserver.groovy:67) ~[?:?]
	at subtes.relogo.UserObserver$$FastClassByCGLIB$$8c740765.invoke(<generated>) ~[?:?]
	at net.sf.cglib.reflect.FastMethod.invoke(FastMethod.java:53) ~[?:?]
	at repast.simphony.engine.schedule.DynamicTargetAction.execute(DynamicTargetAction.java:69) ~[?:?]
	... 7 more
FATAL [Thread-2] 2025-10-26T18:53:00,147 GUIScheduleRunner - RunTimeException when running the schedule
Current tick (0.0)
java.lang.RuntimeException: java.lang.reflect.InvocationTargetException
	at repast.simphony.engine.schedule.DynamicTargetAction.execute(DynamicTargetAction.java:72) ~[?:?]
	at repast.simphony.engine.controller.ScheduledMethodControllerAction$ScheduleMethodAllAction.execute(ScheduledMethodControllerAction.java:336) ~[?:?]
	at repast.simphony.engine.schedule.DefaultAction.execute(DefaultAction.java:38) ~[?:?]
	at repast.simphony.engine.schedule.ScheduleGroup.executeList(ScheduleGroup.java:205) ~[?:?]
	at repast.simphony.engine.schedule.ScheduleGroup.execute(ScheduleGroup.java:231) ~[?:?]
	at repast.simphony.engine.schedule.Schedule.execute(Schedule.java:375) ~[?:?]
	at repast.simphony.ui.GUIScheduleRunner$ScheduleLoopRunnable.run(GUIScheduleRunner.java:52) ~[?:?]
	at java.lang.Thread.run(Thread.java:840) ~[?:?]
Caused by: java.lang.reflect.InvocationTargetException
	at subtes.relogo.UserObserver$$FastClassByCGLIB$$8c740765.invoke(<generated>) ~[?:?]
	at net.sf.cglib.reflect.FastMethod.invoke(FastMethod.java:53) ~[?:?]
	at repast.simphony.engine.schedule.DynamicTargetAction.execute(DynamicTargetAction.java:69) ~[?:?]
	... 7 more
Caused by: groovy.lang.MissingMethodException: No signature of method: subtes.relogo.UserObserver.createVagons() is applicable for argument types: (Integer, subtes.relogo.UserObserver$_setup_closure6) values: [1, subtes.relogo.UserObserver$_setup_closure6@5d787421]
Possible solutions: createVagones(int), createVagones(int, groovy.lang.Closure), createHumans(int), createHumans(int, groovy.lang.Closure)
	at org.codehaus.groovy.runtime.ScriptBytecodeAdapter.unwrap(ScriptBytecodeAdapter.java:70) ~[groovy-3.0.21-indy.jar:3.0.21]
	at org.codehaus.groovy.vmplugin.v8.IndyGuardsFiltersAndSignatures.unwrap(IndyGuardsFiltersAndSignatures.java:160) ~[groovy-3.0.21-indy.jar:3.0.21]
	at org.codehaus.groovy.vmplugin.v8.IndyInterface.fromCache(IndyInterface.java:318) ~[groovy-3.0.21-indy.jar:3.0.21]
	at subtes.relogo.UserObserver.setup(UserObserver.groovy:68) ~[?:?]
	at subtes.relogo.UserObserver$$FastClassByCGLIB$$8c740765.invoke(<generated>) ~[?:?]
	at net.sf.cglib.reflect.FastMethod.invoke(FastMethod.java:53) ~[?:?]
	at repast.simphony.engine.schedule.DynamicTargetAction.execute(DynamicTargetAction.java:69) ~[?:?]
	... 7 more
FATAL [Thread-2] 2025-10-26T21:16:11,241 GUIScheduleRunner - RunTimeException when running the schedule
Current tick (1.0)
groovy.lang.MissingPropertyException: No such property: tipo for class: subtes.relogo.Pasajero
Possible solutions: size, who
	at org.codehaus.groovy.runtime.ScriptBytecodeAdapter.unwrap(ScriptBytecodeAdapter.java:65) ~[groovy-3.0.21-indy.jar:3.0.21]
	at org.codehaus.groovy.vmplugin.v8.IndyGuardsFiltersAndSignatures.unwrap(IndyGuardsFiltersAndSignatures.java:160) ~[groovy-3.0.21-indy.jar:3.0.21]
	at org.codehaus.groovy.vmplugin.v8.IndyInterface.fromCache(IndyInterface.java:318) ~[groovy-3.0.21-indy.jar:3.0.21]
	at subtes.relogo.UserObserver$_andenC_ocupacion_closure10.doCall(UserObserver.groovy:111) ~[?:?]
	at jdk.internal.reflect.NativeMethodAccessorImpl.invoke0(Native Method) ~[?:?]
	at jdk.internal.reflect.NativeMethodAccessorImpl.invoke(NativeMethodAccessorImpl.java:77) ~[?:?]
	at jdk.internal.reflect.DelegatingMethodAccessorImpl.invoke(DelegatingMethodAccessorImpl.java:43) ~[?:?]
	at java.lang.reflect.Method.invoke(Method.java:568) ~[?:?]
	at org.codehaus.groovy.reflection.CachedMethod.invoke(CachedMethod.java:107) ~[groovy-3.0.21-indy.jar:3.0.21]
	at groovy.lang.MetaMethod.doMethodInvoke(MetaMethod.java:323) ~[groovy-3.0.21-indy.jar:3.0.21]
	at org.codehaus.groovy.runtime.metaclass.ClosureMetaClass.invokeMethod(ClosureMetaClass.java:274) ~[groovy-3.0.21-indy.jar:3.0.21]
	at groovy.lang.MetaClassImpl.invokeMethod(MetaClassImpl.java:1030) ~[groovy-3.0.21-indy.jar:3.0.21]
	at org.codehaus.groovy.vmplugin.v8.IndyInterface.fromCache(IndyInterface.java:318) ~[groovy-3.0.21-indy.jar:3.0.21]
	at repast.simphony.relogo.AgentSet$_with_closure5.doCall(AgentSet.groovy:48) ~[?:?]
	at jdk.internal.reflect.NativeMethodAccessorImpl.invoke0(Native Method) ~[?:?]
	at jdk.internal.reflect.NativeMethodAccessorImpl.invoke(NativeMethodAccessorImpl.java:77) ~[?:?]
	at jdk.internal.reflect.DelegatingMethodAccessorImpl.invoke(DelegatingMethodAccessorImpl.java:43) ~[?:?]
	at java.lang.reflect.Method.invoke(Method.java:568) ~[?:?]
	at org.codehaus.groovy.reflection.CachedMethod.invoke(CachedMethod.java:107) ~[groovy-3.0.21-indy.jar:3.0.21]
	at groovy.lang.MetaMethod.doMethodInvoke(MetaMethod.java:323) ~[groovy-3.0.21-indy.jar:3.0.21]
	at org.codehaus.groovy.runtime.metaclass.ClosureMetaClass.invokeMethod(ClosureMetaClass.java:274) ~[groovy-3.0.21-indy.jar:3.0.21]
	at groovy.lang.MetaClassImpl.invokeMethod(MetaClassImpl.java:1030) ~[groovy-3.0.21-indy.jar:3.0.21]
	at org.codehaus.groovy.runtime.callsite.PogoMetaClassSite.call(PogoMetaClassSite.java:38) ~[groovy-3.0.21-indy.jar:3.0.21]
	at org.codehaus.groovy.runtime.callsite.CallSiteArray.defaultCall(CallSiteArray.java:47) ~[groovy-3.0.21-indy.jar:3.0.21]
	at org.codehaus.groovy.runtime.callsite.AbstractCallSite.call(AbstractCallSite.java:125) ~[groovy-3.0.21-indy.jar:3.0.21]
	at org.codehaus.groovy.runtime.callsite.BooleanReturningMethodInvoker.invoke(BooleanReturningMethodInvoker.java:49) ~[groovy-3.0.21-indy.jar:3.0.21]
	at org.codehaus.groovy.runtime.callsite.BooleanClosureWrapper.call(BooleanClosureWrapper.java:52) ~[groovy-3.0.21-indy.jar:3.0.21]
	at org.codehaus.groovy.runtime.DefaultGroovyMethods.findAll(DefaultGroovyMethods.java:5027) ~[groovy-3.0.21-indy.jar:3.0.21]
	at org.codehaus.groovy.runtime.DefaultGroovyMethods.findAll(DefaultGroovyMethods.java:4882) ~[groovy-3.0.21-indy.jar:3.0.21]
	at org.codehaus.groovy.runtime.DefaultGroovyMethods.findAll(DefaultGroovyMethods.java:4869) ~[groovy-3.0.21-indy.jar:3.0.21]
	at org.codehaus.groovy.runtime.dgm$246.doMethodInvoke(Unknown Source) ~[groovy-3.0.21-indy.jar:3.0.21]
	at org.codehaus.groovy.vmplugin.v8.IndyInterface.fromCache(IndyInterface.java:318) ~[groovy-3.0.21-indy.jar:3.0.21]
	at repast.simphony.relogo.AgentSet.with(AgentSet.groovy:46) ~[?:?]
	at org.codehaus.groovy.vmplugin.v8.IndyInterface.fromCache(IndyInterface.java:318) ~[groovy-3.0.21-indy.jar:3.0.21]
	at subtes.relogo.UserObserver.andenC_ocupacion(UserObserver.groovy:110) ~[?:?]
	at jdk.internal.reflect.NativeMethodAccessorImpl.invoke0(Native Method) ~[?:?]
	at jdk.internal.reflect.NativeMethodAccessorImpl.invoke(NativeMethodAccessorImpl.java:77) ~[?:?]
	at jdk.internal.reflect.DelegatingMethodAccessorImpl.invoke(DelegatingMethodAccessorImpl.java:43) ~[?:?]
	at java.lang.reflect.Method.invoke(Method.java:568) ~[?:?]
	at org.codehaus.groovy.reflection.CachedMethod.invoke(CachedMethod.java:107) ~[groovy-3.0.21-indy.jar:3.0.21]
	at groovy.lang.MetaMethod.doMethodInvoke(MetaMethod.java:323) ~[groovy-3.0.21-indy.jar:3.0.21]
	at groovy.lang.MetaClassImpl.invokeMethod(MetaClassImpl.java:1254) ~[groovy-3.0.21-indy.jar:3.0.21]
	at groovy.lang.MetaClassImpl.invokeMethod(MetaClassImpl.java:1030) ~[groovy-3.0.21-indy.jar:3.0.21]
	at org.codehaus.groovy.runtime.InvokerHelper.invokePogoMethod(InvokerHelper.java:1036) ~[groovy-3.0.21-indy.jar:3.0.21]
	at org.codehaus.groovy.runtime.InvokerHelper.invokeMethod(InvokerHelper.java:1019) ~[groovy-3.0.21-indy.jar:3.0.21]
	at org.codehaus.groovy.runtime.ScriptBytecodeAdapter.invokeMethodN(ScriptBytecodeAdapter.java:180) ~[groovy-3.0.21-indy.jar:3.0.21]
	at org.codehaus.groovy.runtime.ScriptBytecodeAdapter.invokeMethod0(ScriptBytecodeAdapter.java:201) ~[groovy-3.0.21-indy.jar:3.0.21]
	at repast.simphony.relogo.factories.ReLogoGlobalsAndPanelComponentsFactory$_createMonitor_closure5.doCall(ReLogoGlobalsAndPanelComponentsFactory.groovy:126) ~[?:?]
	at jdk.internal.reflect.NativeMethodAccessorImpl.invoke0(Native Method) ~[?:?]
	at jdk.internal.reflect.NativeMethodAccessorImpl.invoke(NativeMethodAccessorImpl.java:77) ~[?:?]
	at jdk.internal.reflect.DelegatingMethodAccessorImpl.invoke(DelegatingMethodAccessorImpl.java:43) ~[?:?]
	at java.lang.reflect.Method.invoke(Method.java:568) ~[?:?]
	at org.codehaus.groovy.reflection.CachedMethod.invoke(CachedMethod.java:107) ~[groovy-3.0.21-indy.jar:3.0.21]
	at groovy.lang.MetaMethod.doMethodInvoke(MetaMethod.java:323) ~[groovy-3.0.21-indy.jar:3.0.21]
	at org.codehaus.groovy.runtime.metaclass.ClosureMetaClass.invokeMethod(ClosureMetaClass.java:274) ~[groovy-3.0.21-indy.jar:3.0.21]
	at groovy.lang.MetaClassImpl.invokeMethod(MetaClassImpl.java:1030) ~[groovy-3.0.21-indy.jar:3.0.21]
	at groovy.lang.Closure.call(Closure.java:427) ~[groovy-3.0.21-indy.jar:3.0.21]
	at org.codehaus.groovy.runtime.ConvertedMap.invokeCustom(ConvertedMap.java:54) ~[groovy-3.0.21-indy.jar:3.0.21]
	at org.codehaus.groovy.runtime.ConversionHandler.invoke(ConversionHandler.java:112) ~[groovy-3.0.21-indy.jar:3.0.21]
	at jdk.proxy3.$Proxy22.execute(Unknown Source) ~[?:?]
	at repast.simphony.engine.schedule.DefaultAction.execute(DefaultAction.java:38) ~[?:?]
	at repast.simphony.engine.schedule.ScheduleGroup.executeList(ScheduleGroup.java:205) ~[?:?]
	at repast.simphony.engine.schedule.ScheduleGroup.execute(ScheduleGroup.java:231) ~[?:?]
	at repast.simphony.engine.schedule.Schedule.execute(Schedule.java:375) ~[?:?]
	at repast.simphony.ui.GUIScheduleRunner$ScheduleLoopRunnable.run(GUIScheduleRunner.java:52) ~[?:?]
	at java.lang.Thread.run(Thread.java:840) ~[?:?]
FATAL [Thread-2] 2025-10-27T15:07:43,590 GUIScheduleRunner - RunTimeException when running the schedule
Current tick (0.0)
java.lang.RuntimeException: java.lang.reflect.InvocationTargetException
	at repast.simphony.engine.schedule.DynamicTargetAction.execute(DynamicTargetAction.java:72) ~[?:?]
	at repast.simphony.engine.controller.ScheduledMethodControllerAction$ScheduleMethodAllAction.execute(ScheduledMethodControllerAction.java:336) ~[?:?]
	at repast.simphony.engine.schedule.DefaultAction.execute(DefaultAction.java:38) ~[?:?]
	at repast.simphony.engine.schedule.ScheduleGroup.executeList(ScheduleGroup.java:205) ~[?:?]
	at repast.simphony.engine.schedule.ScheduleGroup.execute(ScheduleGroup.java:231) ~[?:?]
	at repast.simphony.engine.schedule.Schedule.execute(Schedule.java:375) ~[?:?]
	at repast.simphony.ui.GUIScheduleRunner$ScheduleLoopRunnable.run(GUIScheduleRunner.java:52) ~[?:?]
	at java.lang.Thread.run(Thread.java:840) ~[?:?]
Caused by: java.lang.reflect.InvocationTargetException
	at subtes.relogo.UserObserver$$FastClassByCGLIB$$8c740765.invoke(<generated>) ~[?:?]
	at net.sf.cglib.reflect.FastMethod.invoke(FastMethod.java:53) ~[?:?]
	at repast.simphony.engine.schedule.DynamicTargetAction.execute(DynamicTargetAction.java:69) ~[?:?]
	... 7 more
Caused by: groovy.lang.MissingMethodException: No signature of method: subtes.relogo.Subte.setDefaultShape() is applicable for argument types: (Class, String) values: [class subtes.relogo.Cabina, truck]
	at org.codehaus.groovy.runtime.ScriptBytecodeAdapter.unwrap(ScriptBytecodeAdapter.java:70) ~[groovy-3.0.21-indy.jar:3.0.21]
	at org.codehaus.groovy.vmplugin.v8.IndyGuardsFiltersAndSignatures.unwrap(IndyGuardsFiltersAndSignatures.java:160) ~[groovy-3.0.21-indy.jar:3.0.21]
	at org.codehaus.groovy.vmplugin.v8.IndyInterface.fromCache(IndyInterface.java:318) ~[groovy-3.0.21-indy.jar:3.0.21]
	at subtes.relogo.Subte.createFormacion(Subte.groovy:80) ~[?:?]
	at org.codehaus.groovy.vmplugin.v8.IndyInterface.fromCache(IndyInterface.java:318) ~[groovy-3.0.21-indy.jar:3.0.21]
	at subtes.relogo.UserObserver.setup(UserObserver.groovy:89) ~[?:?]
	at subtes.relogo.UserObserver$$FastClassByCGLIB$$8c740765.invoke(<generated>) ~[?:?]
	at net.sf.cglib.reflect.FastMethod.invoke(FastMethod.java:53) ~[?:?]
	at repast.simphony.engine.schedule.DynamicTargetAction.execute(DynamicTargetAction.java:69) ~[?:?]
	... 7 more
FATAL [Thread-2] 2025-10-27T17:50:40,380 GUIScheduleRunner - RunTimeException when running the schedule
Current tick (1.0)
groovy.lang.MissingPropertyException: No such property: linea for class: subtes.relogo.Pasajero
Possible solutions: size, label
	at org.codehaus.groovy.runtime.ScriptBytecodeAdapter.unwrap(ScriptBytecodeAdapter.java:65) ~[groovy-3.0.21-indy.jar:3.0.21]
	at org.codehaus.groovy.vmplugin.v8.IndyGuardsFiltersAndSignatures.unwrap(IndyGuardsFiltersAndSignatures.java:160) ~[groovy-3.0.21-indy.jar:3.0.21]
	at org.codehaus.groovy.vmplugin.v8.IndyInterface.fromCache(IndyInterface.java:318) ~[groovy-3.0.21-indy.jar:3.0.21]
	at subtes.relogo.UserObserver$_andenC_ocupacion_closure15.doCall(UserObserver.groovy:185) ~[?:?]
	at jdk.internal.reflect.NativeMethodAccessorImpl.invoke0(Native Method) ~[?:?]
	at jdk.internal.reflect.NativeMethodAccessorImpl.invoke(NativeMethodAccessorImpl.java:77) ~[?:?]
	at jdk.internal.reflect.DelegatingMethodAccessorImpl.invoke(DelegatingMethodAccessorImpl.java:43) ~[?:?]
	at java.lang.reflect.Method.invoke(Method.java:568) ~[?:?]
	at org.codehaus.groovy.reflection.CachedMethod.invoke(CachedMethod.java:107) ~[groovy-3.0.21-indy.jar:3.0.21]
	at groovy.lang.MetaMethod.doMethodInvoke(MetaMethod.java:323) ~[groovy-3.0.21-indy.jar:3.0.21]
	at org.codehaus.groovy.runtime.metaclass.ClosureMetaClass.invokeMethod(ClosureMetaClass.java:274) ~[groovy-3.0.21-indy.jar:3.0.21]
	at groovy.lang.MetaClassImpl.invokeMethod(MetaClassImpl.java:1030) ~[groovy-3.0.21-indy.jar:3.0.21]
	at org.codehaus.groovy.runtime.callsite.PogoMetaClassSite.call(PogoMetaClassSite.java:38) ~[groovy-3.0.21-indy.jar:3.0.21]
	at org.codehaus.groovy.runtime.callsite.CallSiteArray.defaultCall(CallSiteArray.java:47) ~[groovy-3.0.21-indy.jar:3.0.21]
	at org.codehaus.groovy.runtime.callsite.AbstractCallSite.call(AbstractCallSite.java:125) ~[groovy-3.0.21-indy.jar:3.0.21]
	at org.codehaus.groovy.runtime.callsite.BooleanReturningMethodInvoker.invoke(BooleanReturningMethodInvoker.java:49) ~[groovy-3.0.21-indy.jar:3.0.21]
	at org.codehaus.groovy.runtime.callsite.BooleanClosureWrapper.call(BooleanClosureWrapper.java:52) ~[groovy-3.0.21-indy.jar:3.0.21]
	at org.codehaus.groovy.runtime.DefaultGroovyMethods.count(DefaultGroovyMethods.java:3033) ~[groovy-3.0.21-indy.jar:3.0.21]
	at org.codehaus.groovy.runtime.DefaultGroovyMethods.count(DefaultGroovyMethods.java:3089) ~[groovy-3.0.21-indy.jar:3.0.21]
	at org.codehaus.groovy.runtime.dgm$157.doMethodInvoke(Unknown Source) ~[groovy-3.0.21-indy.jar:3.0.21]
	at org.codehaus.groovy.vmplugin.v8.IndyInterface.fromCache(IndyInterface.java:318) ~[groovy-3.0.21-indy.jar:3.0.21]
	at subtes.relogo.UserObserver.andenC_ocupacion(UserObserver.groovy:184) ~[?:?]
	at jdk.internal.reflect.NativeMethodAccessorImpl.invoke0(Native Method) ~[?:?]
	at jdk.internal.reflect.NativeMethodAccessorImpl.invoke(NativeMethodAccessorImpl.java:77) ~[?:?]
	at jdk.internal.reflect.DelegatingMethodAccessorImpl.invoke(DelegatingMethodAccessorImpl.java:43) ~[?:?]
	at java.lang.reflect.Method.invoke(Method.java:568) ~[?:?]
	at org.codehaus.groovy.reflection.CachedMethod.invoke(CachedMethod.java:107) ~[groovy-3.0.21-indy.jar:3.0.21]
	at groovy.lang.MetaMethod.doMethodInvoke(MetaMethod.java:323) ~[groovy-3.0.21-indy.jar:3.0.21]
	at groovy.lang.MetaClassImpl.invokeMethod(MetaClassImpl.java:1254) ~[groovy-3.0.21-indy.jar:3.0.21]
	at groovy.lang.MetaClassImpl.invokeMethod(MetaClassImpl.java:1030) ~[groovy-3.0.21-indy.jar:3.0.21]
	at org.codehaus.groovy.runtime.InvokerHelper.invokePogoMethod(InvokerHelper.java:1036) ~[groovy-3.0.21-indy.jar:3.0.21]
	at org.codehaus.groovy.runtime.InvokerHelper.invokeMethod(InvokerHelper.java:1019) ~[groovy-3.0.21-indy.jar:3.0.21]
	at org.codehaus.groovy.runtime.ScriptBytecodeAdapter.invokeMethodN(ScriptBytecodeAdapter.java:180) ~[groovy-3.0.21-indy.jar:3.0.21]
	at org.codehaus.groovy.runtime.ScriptBytecodeAdapter.invokeMethod0(ScriptBytecodeAdapter.java:201) ~[groovy-3.0.21-indy.jar:3.0.21]
	at repast.simphony.relogo.factories.ReLogoGlobalsAndPanelComponentsFactory$_createMonitor_closure5.doCall(ReLogoGlobalsAndPanelComponentsFactory.groovy:126) ~[?:?]
	at jdk.internal.reflect.NativeMethodAccessorImpl.invoke0(Native Method) ~[?:?]
	at jdk.internal.reflect.NativeMethodAccessorImpl.invoke(NativeMethodAccessorImpl.java:77) ~[?:?]
	at jdk.internal.reflect.DelegatingMethodAccessorImpl.invoke(DelegatingMethodAccessorImpl.java:43) ~[?:?]
	at java.lang.reflect.Method.invoke(Method.java:568) ~[?:?]
	at org.codehaus.groovy.reflection.CachedMethod.invoke(CachedMethod.java:107) ~[groovy-3.0.21-indy.jar:3.0.21]
	at groovy.lang.MetaMethod.doMethodInvoke(MetaMethod.java:323) ~[groovy-3.0.21-indy.jar:3.0.21]
	at org.codehaus.groovy.runtime.metaclass.ClosureMetaClass.invokeMethod(ClosureMetaClass.java:274) ~[groovy-3.0.21-indy.jar:3.0.21]
	at groovy.lang.MetaClassImpl.invokeMethod(MetaClassImpl.java:1030) ~[groovy-3.0.21-indy.jar:3.0.21]
	at groovy.lang.Closure.call(Closure.java:427) ~[groovy-3.0.21-indy.jar:3.0.21]
	at org.codehaus.groovy.runtime.ConvertedMap.invokeCustom(ConvertedMap.java:54) ~[groovy-3.0.21-indy.jar:3.0.21]
	at org.codehaus.groovy.runtime.ConversionHandler.invoke(ConversionHandler.java:112) ~[groovy-3.0.21-indy.jar:3.0.21]
	at jdk.proxy3.$Proxy22.execute(Unknown Source) ~[?:?]
	at repast.simphony.engine.schedule.DefaultAction.execute(DefaultAction.java:38) ~[?:?]
	at repast.simphony.engine.schedule.ScheduleGroup.executeList(ScheduleGroup.java:205) ~[?:?]
	at repast.simphony.engine.schedule.ScheduleGroup.execute(ScheduleGroup.java:231) ~[?:?]
	at repast.simphony.engine.schedule.Schedule.execute(Schedule.java:375) ~[?:?]
	at repast.simphony.ui.GUIScheduleRunner$ScheduleLoopRunnable.run(GUIScheduleRunner.java:52) ~[?:?]
	at java.lang.Thread.run(Thread.java:840) ~[?:?]
FATAL [Thread-2] 2025-10-27T17:54:56,109 GUIScheduleRunner - RunTimeException when running the schedule
Current tick (1.0)
groovy.lang.MissingPropertyException: No such property: linea for class: subtes.relogo.Pasajero
Possible solutions: size, label
	at org.codehaus.groovy.runtime.ScriptBytecodeAdapter.unwrap(ScriptBytecodeAdapter.java:65) ~[groovy-3.0.21-indy.jar:3.0.21]
	at org.codehaus.groovy.vmplugin.v8.IndyGuardsFiltersAndSignatures.unwrap(IndyGuardsFiltersAndSignatures.java:160) ~[groovy-3.0.21-indy.jar:3.0.21]
	at org.codehaus.groovy.vmplugin.v8.IndyInterface.fromCache(IndyInterface.java:318) ~[groovy-3.0.21-indy.jar:3.0.21]
	at subtes.relogo.UserObserver$_andenC_ocupacion_closure15.doCall(UserObserver.groovy:185) ~[?:?]
	at jdk.internal.reflect.NativeMethodAccessorImpl.invoke0(Native Method) ~[?:?]
	at jdk.internal.reflect.NativeMethodAccessorImpl.invoke(NativeMethodAccessorImpl.java:77) ~[?:?]
	at jdk.internal.reflect.DelegatingMethodAccessorImpl.invoke(DelegatingMethodAccessorImpl.java:43) ~[?:?]
	at java.lang.reflect.Method.invoke(Method.java:568) ~[?:?]
	at org.codehaus.groovy.reflection.CachedMethod.invoke(CachedMethod.java:107) ~[groovy-3.0.21-indy.jar:3.0.21]
	at groovy.lang.MetaMethod.doMethodInvoke(MetaMethod.java:323) ~[groovy-3.0.21-indy.jar:3.0.21]
	at org.codehaus.groovy.runtime.metaclass.ClosureMetaClass.invokeMethod(ClosureMetaClass.java:274) ~[groovy-3.0.21-indy.jar:3.0.21]
	at groovy.lang.MetaClassImpl.invokeMethod(MetaClassImpl.java:1030) ~[groovy-3.0.21-indy.jar:3.0.21]
	at org.codehaus.groovy.runtime.callsite.PogoMetaClassSite.call(PogoMetaClassSite.java:38) ~[groovy-3.0.21-indy.jar:3.0.21]
	at org.codehaus.groovy.runtime.callsite.CallSiteArray.defaultCall(CallSiteArray.java:47) ~[groovy-3.0.21-indy.jar:3.0.21]
	at org.codehaus.groovy.runtime.callsite.AbstractCallSite.call(AbstractCallSite.java:125) ~[groovy-3.0.21-indy.jar:3.0.21]
	at org.codehaus.groovy.runtime.callsite.BooleanReturningMethodInvoker.invoke(BooleanReturningMethodInvoker.java:49) ~[groovy-3.0.21-indy.jar:3.0.21]
	at org.codehaus.groovy.runtime.callsite.BooleanClosureWrapper.call(BooleanClosureWrapper.java:52) ~[groovy-3.0.21-indy.jar:3.0.21]
	at org.codehaus.groovy.runtime.DefaultGroovyMethods.count(DefaultGroovyMethods.java:3033) ~[groovy-3.0.21-indy.jar:3.0.21]
	at org.codehaus.groovy.runtime.DefaultGroovyMethods.count(DefaultGroovyMethods.java:3089) ~[groovy-3.0.21-indy.jar:3.0.21]
	at org.codehaus.groovy.runtime.dgm$157.doMethodInvoke(Unknown Source) ~[groovy-3.0.21-indy.jar:3.0.21]
	at org.codehaus.groovy.vmplugin.v8.IndyInterface.fromCache(IndyInterface.java:318) ~[groovy-3.0.21-indy.jar:3.0.21]
	at subtes.relogo.UserObserver.andenC_ocupacion(UserObserver.groovy:184) ~[?:?]
	at jdk.internal.reflect.NativeMethodAccessorImpl.invoke0(Native Method) ~[?:?]
	at jdk.internal.reflect.NativeMethodAccessorImpl.invoke(NativeMethodAccessorImpl.java:77) ~[?:?]
	at jdk.internal.reflect.DelegatingMethodAccessorImpl.invoke(DelegatingMethodAccessorImpl.java:43) ~[?:?]
	at java.lang.reflect.Method.invoke(Method.java:568) ~[?:?]
	at org.codehaus.groovy.reflection.CachedMethod.invoke(CachedMethod.java:107) ~[groovy-3.0.21-indy.jar:3.0.21]
	at groovy.lang.MetaMethod.doMethodInvoke(MetaMethod.java:323) ~[groovy-3.0.21-indy.jar:3.0.21]
	at groovy.lang.MetaClassImpl.invokeMethod(MetaClassImpl.java:1254) ~[groovy-3.0.21-indy.jar:3.0.21]
	at groovy.lang.MetaClassImpl.invokeMethod(MetaClassImpl.java:1030) ~[groovy-3.0.21-indy.jar:3.0.21]
	at org.codehaus.groovy.runtime.InvokerHelper.invokePogoMethod(InvokerHelper.java:1036) ~[groovy-3.0.21-indy.jar:3.0.21]
	at org.codehaus.groovy.runtime.InvokerHelper.invokeMethod(InvokerHelper.java:1019) ~[groovy-3.0.21-indy.jar:3.0.21]
	at org.codehaus.groovy.runtime.ScriptBytecodeAdapter.invokeMethodN(ScriptBytecodeAdapter.java:180) ~[groovy-3.0.21-indy.jar:3.0.21]
	at org.codehaus.groovy.runtime.ScriptBytecodeAdapter.invokeMethod0(ScriptBytecodeAdapter.java:201) ~[groovy-3.0.21-indy.jar:3.0.21]
	at repast.simphony.relogo.factories.ReLogoGlobalsAndPanelComponentsFactory$_createMonitor_closure5.doCall(ReLogoGlobalsAndPanelComponentsFactory.groovy:126) ~[?:?]
	at jdk.internal.reflect.NativeMethodAccessorImpl.invoke0(Native Method) ~[?:?]
	at jdk.internal.reflect.NativeMethodAccessorImpl.invoke(NativeMethodAccessorImpl.java:77) ~[?:?]
	at jdk.internal.reflect.DelegatingMethodAccessorImpl.invoke(DelegatingMethodAccessorImpl.java:43) ~[?:?]
	at java.lang.reflect.Method.invoke(Method.java:568) ~[?:?]
	at org.codehaus.groovy.reflection.CachedMethod.invoke(CachedMethod.java:107) ~[groovy-3.0.21-indy.jar:3.0.21]
	at groovy.lang.MetaMethod.doMethodInvoke(MetaMethod.java:323) ~[groovy-3.0.21-indy.jar:3.0.21]
	at org.codehaus.groovy.runtime.metaclass.ClosureMetaClass.invokeMethod(ClosureMetaClass.java:274) ~[groovy-3.0.21-indy.jar:3.0.21]
	at groovy.lang.MetaClassImpl.invokeMethod(MetaClassImpl.java:1030) ~[groovy-3.0.21-indy.jar:3.0.21]
	at groovy.lang.Closure.call(Closure.java:427) ~[groovy-3.0.21-indy.jar:3.0.21]
	at org.codehaus.groovy.runtime.ConvertedMap.invokeCustom(ConvertedMap.java:54) ~[groovy-3.0.21-indy.jar:3.0.21]
	at org.codehaus.groovy.runtime.ConversionHandler.invoke(ConversionHandler.java:112) ~[groovy-3.0.21-indy.jar:3.0.21]
	at jdk.proxy3.$Proxy22.execute(Unknown Source) ~[?:?]
	at repast.simphony.engine.schedule.DefaultAction.execute(DefaultAction.java:38) ~[?:?]
	at repast.simphony.engine.schedule.ScheduleGroup.executeList(ScheduleGroup.java:205) ~[?:?]
	at repast.simphony.engine.schedule.ScheduleGroup.execute(ScheduleGroup.java:231) ~[?:?]
	at repast.simphony.engine.schedule.Schedule.execute(Schedule.java:375) ~[?:?]
	at repast.simphony.ui.GUIScheduleRunner$ScheduleLoopRunnable.run(GUIScheduleRunner.java:52) ~[?:?]
	at java.lang.Thread.run(Thread.java:840) ~[?:?]
FATAL [Thread-2] 2025-10-27T18:00:51,090 GUIScheduleRunner - RunTimeException when running the schedule
Current tick (1.0)
groovy.lang.MissingPropertyException: No such property: linea for class: subtes.relogo.Pasajero
Possible solutions: size, label
	at org.codehaus.groovy.runtime.ScriptBytecodeAdapter.unwrap(ScriptBytecodeAdapter.java:65) ~[groovy-3.0.21-indy.jar:3.0.21]
	at org.codehaus.groovy.vmplugin.v8.IndyGuardsFiltersAndSignatures.unwrap(IndyGuardsFiltersAndSignatures.java:160) ~[groovy-3.0.21-indy.jar:3.0.21]
	at org.codehaus.groovy.vmplugin.v8.IndyInterface.fromCache(IndyInterface.java:318) ~[groovy-3.0.21-indy.jar:3.0.21]
	at subtes.relogo.UserObserver$_andenC_ocupacion_closure15.doCall(UserObserver.groovy:184) ~[?:?]
	at jdk.internal.reflect.NativeMethodAccessorImpl.invoke0(Native Method) ~[?:?]
	at jdk.internal.reflect.NativeMethodAccessorImpl.invoke(NativeMethodAccessorImpl.java:77) ~[?:?]
	at jdk.internal.reflect.DelegatingMethodAccessorImpl.invoke(DelegatingMethodAccessorImpl.java:43) ~[?:?]
	at java.lang.reflect.Method.invoke(Method.java:568) ~[?:?]
	at org.codehaus.groovy.reflection.CachedMethod.invoke(CachedMethod.java:107) ~[groovy-3.0.21-indy.jar:3.0.21]
	at groovy.lang.MetaMethod.doMethodInvoke(MetaMethod.java:323) ~[groovy-3.0.21-indy.jar:3.0.21]
	at org.codehaus.groovy.runtime.metaclass.ClosureMetaClass.invokeMethod(ClosureMetaClass.java:274) ~[groovy-3.0.21-indy.jar:3.0.21]
	at groovy.lang.MetaClassImpl.invokeMethod(MetaClassImpl.java:1030) ~[groovy-3.0.21-indy.jar:3.0.21]
	at org.codehaus.groovy.runtime.callsite.PogoMetaClassSite.call(PogoMetaClassSite.java:38) ~[groovy-3.0.21-indy.jar:3.0.21]
	at org.codehaus.groovy.runtime.callsite.CallSiteArray.defaultCall(CallSiteArray.java:47) ~[groovy-3.0.21-indy.jar:3.0.21]
	at org.codehaus.groovy.runtime.callsite.AbstractCallSite.call(AbstractCallSite.java:125) ~[groovy-3.0.21-indy.jar:3.0.21]
	at org.codehaus.groovy.runtime.callsite.BooleanReturningMethodInvoker.invoke(BooleanReturningMethodInvoker.java:49) ~[groovy-3.0.21-indy.jar:3.0.21]
	at org.codehaus.groovy.runtime.callsite.BooleanClosureWrapper.call(BooleanClosureWrapper.java:52) ~[groovy-3.0.21-indy.jar:3.0.21]
	at org.codehaus.groovy.runtime.DefaultGroovyMethods.count(DefaultGroovyMethods.java:3033) ~[groovy-3.0.21-indy.jar:3.0.21]
	at org.codehaus.groovy.runtime.DefaultGroovyMethods.count(DefaultGroovyMethods.java:3089) ~[groovy-3.0.21-indy.jar:3.0.21]
	at org.codehaus.groovy.runtime.dgm$157.doMethodInvoke(Unknown Source) ~[groovy-3.0.21-indy.jar:3.0.21]
	at org.codehaus.groovy.vmplugin.v8.IndyInterface.fromCache(IndyInterface.java:318) ~[groovy-3.0.21-indy.jar:3.0.21]
	at subtes.relogo.UserObserver.andenC_ocupacion(UserObserver.groovy:183) ~[?:?]
	at jdk.internal.reflect.NativeMethodAccessorImpl.invoke0(Native Method) ~[?:?]
	at jdk.internal.reflect.NativeMethodAccessorImpl.invoke(NativeMethodAccessorImpl.java:77) ~[?:?]
	at jdk.internal.reflect.DelegatingMethodAccessorImpl.invoke(DelegatingMethodAccessorImpl.java:43) ~[?:?]
	at java.lang.reflect.Method.invoke(Method.java:568) ~[?:?]
	at org.codehaus.groovy.reflection.CachedMethod.invoke(CachedMethod.java:107) ~[groovy-3.0.21-indy.jar:3.0.21]
	at groovy.lang.MetaMethod.doMethodInvoke(MetaMethod.java:323) ~[groovy-3.0.21-indy.jar:3.0.21]
	at groovy.lang.MetaClassImpl.invokeMethod(MetaClassImpl.java:1254) ~[groovy-3.0.21-indy.jar:3.0.21]
	at groovy.lang.MetaClassImpl.invokeMethod(MetaClassImpl.java:1030) ~[groovy-3.0.21-indy.jar:3.0.21]
	at org.codehaus.groovy.runtime.InvokerHelper.invokePogoMethod(InvokerHelper.java:1036) ~[groovy-3.0.21-indy.jar:3.0.21]
	at org.codehaus.groovy.runtime.InvokerHelper.invokeMethod(InvokerHelper.java:1019) ~[groovy-3.0.21-indy.jar:3.0.21]
	at org.codehaus.groovy.runtime.ScriptBytecodeAdapter.invokeMethodN(ScriptBytecodeAdapter.java:180) ~[groovy-3.0.21-indy.jar:3.0.21]
	at org.codehaus.groovy.runtime.ScriptBytecodeAdapter.invokeMethod0(ScriptBytecodeAdapter.java:201) ~[groovy-3.0.21-indy.jar:3.0.21]
	at repast.simphony.relogo.factories.ReLogoGlobalsAndPanelComponentsFactory$_createMonitor_closure5.doCall(ReLogoGlobalsAndPanelComponentsFactory.groovy:126) ~[?:?]
	at jdk.internal.reflect.NativeMethodAccessorImpl.invoke0(Native Method) ~[?:?]
	at jdk.internal.reflect.NativeMethodAccessorImpl.invoke(NativeMethodAccessorImpl.java:77) ~[?:?]
	at jdk.internal.reflect.DelegatingMethodAccessorImpl.invoke(DelegatingMethodAccessorImpl.java:43) ~[?:?]
	at java.lang.reflect.Method.invoke(Method.java:568) ~[?:?]
	at org.codehaus.groovy.reflection.CachedMethod.invoke(CachedMethod.java:107) ~[groovy-3.0.21-indy.jar:3.0.21]
	at groovy.lang.MetaMethod.doMethodInvoke(MetaMethod.java:323) ~[groovy-3.0.21-indy.jar:3.0.21]
	at org.codehaus.groovy.runtime.metaclass.ClosureMetaClass.invokeMethod(ClosureMetaClass.java:274) ~[groovy-3.0.21-indy.jar:3.0.21]
	at groovy.lang.MetaClassImpl.invokeMethod(MetaClassImpl.java:1030) ~[groovy-3.0.21-indy.jar:3.0.21]
	at groovy.lang.Closure.call(Closure.java:427) ~[groovy-3.0.21-indy.jar:3.0.21]
	at org.codehaus.groovy.runtime.ConvertedMap.invokeCustom(ConvertedMap.java:54) ~[groovy-3.0.21-indy.jar:3.0.21]
	at org.codehaus.groovy.runtime.ConversionHandler.invoke(ConversionHandler.java:112) ~[groovy-3.0.21-indy.jar:3.0.21]
	at jdk.proxy3.$Proxy22.execute(Unknown Source) ~[?:?]
	at repast.simphony.engine.schedule.DefaultAction.execute(DefaultAction.java:38) ~[?:?]
	at repast.simphony.engine.schedule.ScheduleGroup.executeList(ScheduleGroup.java:205) ~[?:?]
	at repast.simphony.engine.schedule.ScheduleGroup.execute(ScheduleGroup.java:231) ~[?:?]
	at repast.simphony.engine.schedule.Schedule.execute(Schedule.java:375) ~[?:?]
	at repast.simphony.ui.GUIScheduleRunner$ScheduleLoopRunnable.run(GUIScheduleRunner.java:52) ~[?:?]
	at java.lang.Thread.run(Thread.java:840) ~[?:?]
FATAL [Thread-2] 2025-10-27T18:02:09,963 GUIScheduleRunner - RunTimeException when running the schedule
Current tick (1.0)
java.lang.NullPointerException: Cannot get property 'linea' on null object
	at org.codehaus.groovy.runtime.NullObject.getProperty(NullObject.java:89) ~[groovy-3.0.21-indy.jar:3.0.21]
	at org.codehaus.groovy.vmplugin.v8.IndyInterface.fromCache(IndyInterface.java:318) ~[groovy-3.0.21-indy.jar:3.0.21]
	at subtes.relogo.UserObserver$_andenC_ocupacion_closure15.doCall(UserObserver.groovy:184) ~[?:?]
	at jdk.internal.reflect.NativeMethodAccessorImpl.invoke0(Native Method) ~[?:?]
	at jdk.internal.reflect.NativeMethodAccessorImpl.invoke(NativeMethodAccessorImpl.java:77) ~[?:?]
	at jdk.internal.reflect.DelegatingMethodAccessorImpl.invoke(DelegatingMethodAccessorImpl.java:43) ~[?:?]
	at java.lang.reflect.Method.invoke(Method.java:568) ~[?:?]
	at org.codehaus.groovy.reflection.CachedMethod.invoke(CachedMethod.java:107) ~[groovy-3.0.21-indy.jar:3.0.21]
	at groovy.lang.MetaMethod.doMethodInvoke(MetaMethod.java:323) ~[groovy-3.0.21-indy.jar:3.0.21]
	at org.codehaus.groovy.runtime.metaclass.ClosureMetaClass.invokeMethod(ClosureMetaClass.java:274) ~[groovy-3.0.21-indy.jar:3.0.21]
	at groovy.lang.MetaClassImpl.invokeMethod(MetaClassImpl.java:1030) ~[groovy-3.0.21-indy.jar:3.0.21]
	at org.codehaus.groovy.runtime.callsite.PogoMetaClassSite.call(PogoMetaClassSite.java:38) ~[groovy-3.0.21-indy.jar:3.0.21]
	at org.codehaus.groovy.runtime.callsite.CallSiteArray.defaultCall(CallSiteArray.java:47) ~[groovy-3.0.21-indy.jar:3.0.21]
	at org.codehaus.groovy.runtime.callsite.AbstractCallSite.call(AbstractCallSite.java:125) ~[groovy-3.0.21-indy.jar:3.0.21]
	at org.codehaus.groovy.runtime.callsite.BooleanReturningMethodInvoker.invoke(BooleanReturningMethodInvoker.java:49) ~[groovy-3.0.21-indy.jar:3.0.21]
	at org.codehaus.groovy.runtime.callsite.BooleanClosureWrapper.call(BooleanClosureWrapper.java:52) ~[groovy-3.0.21-indy.jar:3.0.21]
	at org.codehaus.groovy.runtime.DefaultGroovyMethods.count(DefaultGroovyMethods.java:3033) ~[groovy-3.0.21-indy.jar:3.0.21]
	at org.codehaus.groovy.runtime.DefaultGroovyMethods.count(DefaultGroovyMethods.java:3089) ~[groovy-3.0.21-indy.jar:3.0.21]
	at org.codehaus.groovy.runtime.dgm$157.doMethodInvoke(Unknown Source) ~[groovy-3.0.21-indy.jar:3.0.21]
	at org.codehaus.groovy.vmplugin.v8.IndyInterface.fromCache(IndyInterface.java:318) ~[groovy-3.0.21-indy.jar:3.0.21]
	at subtes.relogo.UserObserver.andenC_ocupacion(UserObserver.groovy:183) ~[?:?]
	at jdk.internal.reflect.NativeMethodAccessorImpl.invoke0(Native Method) ~[?:?]
	at jdk.internal.reflect.NativeMethodAccessorImpl.invoke(NativeMethodAccessorImpl.java:77) ~[?:?]
	at jdk.internal.reflect.DelegatingMethodAccessorImpl.invoke(DelegatingMethodAccessorImpl.java:43) ~[?:?]
	at java.lang.reflect.Method.invoke(Method.java:568) ~[?:?]
	at org.codehaus.groovy.reflection.CachedMethod.invoke(CachedMethod.java:107) ~[groovy-3.0.21-indy.jar:3.0.21]
	at groovy.lang.MetaMethod.doMethodInvoke(MetaMethod.java:323) ~[groovy-3.0.21-indy.jar:3.0.21]
	at groovy.lang.MetaClassImpl.invokeMethod(MetaClassImpl.java:1254) ~[groovy-3.0.21-indy.jar:3.0.21]
	at groovy.lang.MetaClassImpl.invokeMethod(MetaClassImpl.java:1030) ~[groovy-3.0.21-indy.jar:3.0.21]
	at org.codehaus.groovy.runtime.InvokerHelper.invokePogoMethod(InvokerHelper.java:1036) ~[groovy-3.0.21-indy.jar:3.0.21]
	at org.codehaus.groovy.runtime.InvokerHelper.invokeMethod(InvokerHelper.java:1019) ~[groovy-3.0.21-indy.jar:3.0.21]
	at org.codehaus.groovy.runtime.ScriptBytecodeAdapter.invokeMethodN(ScriptBytecodeAdapter.java:180) ~[groovy-3.0.21-indy.jar:3.0.21]
	at org.codehaus.groovy.runtime.ScriptBytecodeAdapter.invokeMethod0(ScriptBytecodeAdapter.java:201) ~[groovy-3.0.21-indy.jar:3.0.21]
	at repast.simphony.relogo.factories.ReLogoGlobalsAndPanelComponentsFactory$_createMonitor_closure5.doCall(ReLogoGlobalsAndPanelComponentsFactory.groovy:126) ~[?:?]
	at jdk.internal.reflect.NativeMethodAccessorImpl.invoke0(Native Method) ~[?:?]
	at jdk.internal.reflect.NativeMethodAccessorImpl.invoke(NativeMethodAccessorImpl.java:77) ~[?:?]
	at jdk.internal.reflect.DelegatingMethodAccessorImpl.invoke(DelegatingMethodAccessorImpl.java:43) ~[?:?]
	at java.lang.reflect.Method.invoke(Method.java:568) ~[?:?]
	at org.codehaus.groovy.reflection.CachedMethod.invoke(CachedMethod.java:107) ~[groovy-3.0.21-indy.jar:3.0.21]
	at groovy.lang.MetaMethod.doMethodInvoke(MetaMethod.java:323) ~[groovy-3.0.21-indy.jar:3.0.21]
	at org.codehaus.groovy.runtime.metaclass.ClosureMetaClass.invokeMethod(ClosureMetaClass.java:274) ~[groovy-3.0.21-indy.jar:3.0.21]
	at groovy.lang.MetaClassImpl.invokeMethod(MetaClassImpl.java:1030) ~[groovy-3.0.21-indy.jar:3.0.21]
	at groovy.lang.Closure.call(Closure.java:427) ~[groovy-3.0.21-indy.jar:3.0.21]
	at org.codehaus.groovy.runtime.ConvertedMap.invokeCustom(ConvertedMap.java:54) ~[groovy-3.0.21-indy.jar:3.0.21]
	at org.codehaus.groovy.runtime.ConversionHandler.invoke(ConversionHandler.java:112) ~[groovy-3.0.21-indy.jar:3.0.21]
	at jdk.proxy3.$Proxy22.execute(Unknown Source) ~[?:?]
	at repast.simphony.engine.schedule.DefaultAction.execute(DefaultAction.java:38) ~[?:?]
	at repast.simphony.engine.schedule.ScheduleGroup.executeList(ScheduleGroup.java:205) ~[?:?]
	at repast.simphony.engine.schedule.ScheduleGroup.execute(ScheduleGroup.java:231) ~[?:?]
	at repast.simphony.engine.schedule.Schedule.execute(Schedule.java:375) ~[?:?]
	at repast.simphony.ui.GUIScheduleRunner$ScheduleLoopRunnable.run(GUIScheduleRunner.java:52) ~[?:?]
	at java.lang.Thread.run(Thread.java:840) ~[?:?]
FATAL [Thread-2] 2025-10-27T19:24:26,687 GUIScheduleRunner - RunTimeException when running the schedule
Current tick (1.0)
groovy.lang.MissingMethodException: No signature of method: subtes.relogo.UserObserver.andenF_ocupacion() is applicable for argument types: () values: []
Possible solutions: andecF_ocupacion(), andenC_ocupacion()
	at org.codehaus.groovy.runtime.ScriptBytecodeAdapter.unwrap(ScriptBytecodeAdapter.java:70) ~[groovy-3.0.21-indy.jar:3.0.21]
	at org.codehaus.groovy.runtime.ScriptBytecodeAdapter.invokeMethodN(ScriptBytecodeAdapter.java:182) ~[groovy-3.0.21-indy.jar:3.0.21]
	at org.codehaus.groovy.runtime.ScriptBytecodeAdapter.invokeMethod0(ScriptBytecodeAdapter.java:201) ~[groovy-3.0.21-indy.jar:3.0.21]
	at repast.simphony.relogo.factories.ReLogoGlobalsAndPanelComponentsFactory$_createMonitor_closure5.doCall(ReLogoGlobalsAndPanelComponentsFactory.groovy:126) ~[?:?]
	at jdk.internal.reflect.NativeMethodAccessorImpl.invoke0(Native Method) ~[?:?]
	at jdk.internal.reflect.NativeMethodAccessorImpl.invoke(NativeMethodAccessorImpl.java:77) ~[?:?]
	at jdk.internal.reflect.DelegatingMethodAccessorImpl.invoke(DelegatingMethodAccessorImpl.java:43) ~[?:?]
	at java.lang.reflect.Method.invoke(Method.java:568) ~[?:?]
	at org.codehaus.groovy.reflection.CachedMethod.invoke(CachedMethod.java:107) ~[groovy-3.0.21-indy.jar:3.0.21]
	at groovy.lang.MetaMethod.doMethodInvoke(MetaMethod.java:323) ~[groovy-3.0.21-indy.jar:3.0.21]
	at org.codehaus.groovy.runtime.metaclass.ClosureMetaClass.invokeMethod(ClosureMetaClass.java:274) ~[groovy-3.0.21-indy.jar:3.0.21]
	at groovy.lang.MetaClassImpl.invokeMethod(MetaClassImpl.java:1030) ~[groovy-3.0.21-indy.jar:3.0.21]
	at groovy.lang.Closure.call(Closure.java:427) ~[groovy-3.0.21-indy.jar:3.0.21]
	at org.codehaus.groovy.runtime.ConvertedMap.invokeCustom(ConvertedMap.java:54) ~[groovy-3.0.21-indy.jar:3.0.21]
	at org.codehaus.groovy.runtime.ConversionHandler.invoke(ConversionHandler.java:112) ~[groovy-3.0.21-indy.jar:3.0.21]
	at jdk.proxy3.$Proxy22.execute(Unknown Source) ~[?:?]
	at repast.simphony.engine.schedule.DefaultAction.execute(DefaultAction.java:38) ~[?:?]
	at repast.simphony.engine.schedule.ScheduleGroup.executeList(ScheduleGroup.java:205) ~[?:?]
	at repast.simphony.engine.schedule.ScheduleGroup.execute(ScheduleGroup.java:231) ~[?:?]
	at repast.simphony.engine.schedule.Schedule.execute(Schedule.java:375) ~[?:?]
	at repast.simphony.ui.GUIScheduleRunner$ScheduleLoopRunnable.run(GUIScheduleRunner.java:52) ~[?:?]
	at java.lang.Thread.run(Thread.java:840) ~[?:?]
FATAL [Thread-2] 2025-10-27T19:30:49,327 GUIScheduleRunner - RunTimeException when running the schedule
Current tick (0.0)
java.lang.RuntimeException: java.lang.reflect.InvocationTargetException
	at repast.simphony.engine.schedule.DynamicTargetAction.execute(DynamicTargetAction.java:72) ~[?:?]
	at repast.simphony.engine.controller.ScheduledMethodControllerAction$ScheduleMethodAllAction.execute(ScheduledMethodControllerAction.java:336) ~[?:?]
	at repast.simphony.engine.schedule.DefaultAction.execute(DefaultAction.java:38) ~[?:?]
	at repast.simphony.engine.schedule.ScheduleGroup.executeList(ScheduleGroup.java:205) ~[?:?]
	at repast.simphony.engine.schedule.ScheduleGroup.execute(ScheduleGroup.java:231) ~[?:?]
	at repast.simphony.engine.schedule.Schedule.execute(Schedule.java:375) ~[?:?]
	at repast.simphony.ui.GUIScheduleRunner$ScheduleLoopRunnable.run(GUIScheduleRunner.java:52) ~[?:?]
	at java.lang.Thread.run(Thread.java:840) ~[?:?]
Caused by: java.lang.reflect.InvocationTargetException
	at subtes.relogo.UserObserver$$FastClassByCGLIB$$8c740765.invoke(<generated>) ~[?:?]
	at net.sf.cglib.reflect.FastMethod.invoke(FastMethod.java:53) ~[?:?]
	at repast.simphony.engine.schedule.DynamicTargetAction.execute(DynamicTargetAction.java:69) ~[?:?]
	... 7 more
Caused by: org.codehaus.groovy.runtime.typehandling.GroovyCastException: Cannot cast object '[]' with class 'java.util.ArrayList' to class 'java.util.Queue' due to: groovy.lang.GroovyRuntimeException: Could not find matching constructor for: java.util.Queue()
	at org.codehaus.groovy.runtime.typehandling.DefaultTypeTransformation.continueCastOnSAM(DefaultTypeTransformation.java:402) ~[groovy-3.0.21-indy.jar:3.0.21]
	at org.codehaus.groovy.runtime.typehandling.DefaultTypeTransformation.continueCastOnNumber(DefaultTypeTransformation.java:315) ~[groovy-3.0.21-indy.jar:3.0.21]
	at org.codehaus.groovy.runtime.typehandling.DefaultTypeTransformation.continueCastOnCollection(DefaultTypeTransformation.java:273) ~[groovy-3.0.21-indy.jar:3.0.21]
	at org.codehaus.groovy.runtime.typehandling.DefaultTypeTransformation.castToType(DefaultTypeTransformation.java:230) ~[groovy-3.0.21-indy.jar:3.0.21]
	at org.codehaus.groovy.vmplugin.v8.IndyInterface.fromCache(IndyInterface.java:318) ~[groovy-3.0.21-indy.jar:3.0.21]
	at subtes.relogo.Estacion.<init>(Estacion.groovy:19) ~[?:?]
	at jdk.internal.reflect.NativeConstructorAccessorImpl.newInstance0(Native Method) ~[?:?]
	at jdk.internal.reflect.NativeConstructorAccessorImpl.newInstance(NativeConstructorAccessorImpl.java:77) ~[?:?]
	at jdk.internal.reflect.DelegatingConstructorAccessorImpl.newInstance(DelegatingConstructorAccessorImpl.java:45) ~[?:?]
	at java.lang.reflect.Constructor.newInstanceWithCaller(Constructor.java:499) ~[?:?]
	at java.lang.reflect.ReflectAccess.newInstance(ReflectAccess.java:128) ~[?:?]
	at jdk.internal.reflect.ReflectionFactory.newInstance(ReflectionFactory.java:347) ~[?:?]
	at java.lang.Class.newInstance(Class.java:645) ~[?:?]
	at repast.simphony.relogo.factories.TurtleFactory.createTurtle(TurtleFactory.java:156) ~[?:?]
	at repast.simphony.relogo.factories.TurtleFactory.createTurtle(TurtleFactory.java:121) ~[?:?]
	at repast.simphony.relogo.AbstractObserver.crt(AbstractObserver.java:425) ~[?:?]
	at subtes.ReLogoObserver.createEstaciones(ReLogoObserver.java:217) ~[?:?]
	at org.codehaus.groovy.vmplugin.v8.IndyInterface.fromCache(IndyInterface.java:318) ~[groovy-3.0.21-indy.jar:3.0.21]
	at subtes.relogo.UserObserver.setup(UserObserver.groovy:44) ~[?:?]
	at subtes.relogo.UserObserver$$FastClassByCGLIB$$8c740765.invoke(<generated>) ~[?:?]
	at net.sf.cglib.reflect.FastMethod.invoke(FastMethod.java:53) ~[?:?]
	at repast.simphony.engine.schedule.DynamicTargetAction.execute(DynamicTargetAction.java:69) ~[?:?]
	... 7 more
	Suppressed: groovy.lang.GroovyRuntimeException: Could not find matching constructor for: java.util.Queue(ArrayList)
		at groovy.lang.MetaClassImpl.invokeConstructor(MetaClassImpl.java:1831) ~[groovy-3.0.21-indy.jar:3.0.21]
		at groovy.lang.MetaClassImpl.invokeConstructor(MetaClassImpl.java:1601) ~[groovy-3.0.21-indy.jar:3.0.21]
		at org.codehaus.groovy.runtime.InvokerHelper.invokeConstructorOf(InvokerHelper.java:1067) ~[groovy-3.0.21-indy.jar:3.0.21]
		at org.codehaus.groovy.runtime.typehandling.DefaultTypeTransformation.continueCastOnSAM(DefaultTypeTransformation.java:378) ~[groovy-3.0.21-indy.jar:3.0.21]
		at org.codehaus.groovy.runtime.typehandling.DefaultTypeTransformation.continueCastOnNumber(DefaultTypeTransformation.java:315) ~[groovy-3.0.21-indy.jar:3.0.21]
		at org.codehaus.groovy.runtime.typehandling.DefaultTypeTransformation.continueCastOnCollection(DefaultTypeTransformation.java:273) ~[groovy-3.0.21-indy.jar:3.0.21]
		at org.codehaus.groovy.runtime.typehandling.DefaultTypeTransformation.castToType(DefaultTypeTransformation.java:230) ~[groovy-3.0.21-indy.jar:3.0.21]
		at org.codehaus.groovy.vmplugin.v8.IndyInterface.fromCache(IndyInterface.java:318) ~[groovy-3.0.21-indy.jar:3.0.21]
		at subtes.relogo.Estacion.<init>(Estacion.groovy:19) ~[?:?]
		at jdk.internal.reflect.NativeConstructorAccessorImpl.newInstance0(Native Method) ~[?:?]
		at jdk.internal.reflect.NativeConstructorAccessorImpl.newInstance(NativeConstructorAccessorImpl.java:77) ~[?:?]
		at jdk.internal.reflect.DelegatingConstructorAccessorImpl.newInstance(DelegatingConstructorAccessorImpl.java:45) ~[?:?]
		at java.lang.reflect.Constructor.newInstanceWithCaller(Constructor.java:499) ~[?:?]
		at java.lang.reflect.ReflectAccess.newInstance(ReflectAccess.java:128) ~[?:?]
		at jdk.internal.reflect.ReflectionFactory.newInstance(ReflectionFactory.java:347) ~[?:?]
		at java.lang.Class.newInstance(Class.java:645) ~[?:?]
		at repast.simphony.relogo.factories.TurtleFactory.createTurtle(TurtleFactory.java:156) ~[?:?]
		at repast.simphony.relogo.factories.TurtleFactory.createTurtle(TurtleFactory.java:121) ~[?:?]
		at repast.simphony.relogo.AbstractObserver.crt(AbstractObserver.java:425) ~[?:?]
		at subtes.ReLogoObserver.createEstaciones(ReLogoObserver.java:217) ~[?:?]
		at org.codehaus.groovy.vmplugin.v8.IndyInterface.fromCache(IndyInterface.java:318) ~[groovy-3.0.21-indy.jar:3.0.21]
		at subtes.relogo.UserObserver.setup(UserObserver.groovy:44) ~[?:?]
		at subtes.relogo.UserObserver$$FastClassByCGLIB$$8c740765.invoke(<generated>) ~[?:?]
		at net.sf.cglib.reflect.FastMethod.invoke(FastMethod.java:53) ~[?:?]
		at repast.simphony.engine.schedule.DynamicTargetAction.execute(DynamicTargetAction.java:69) ~[?:?]
		at repast.simphony.engine.controller.ScheduledMethodControllerAction$ScheduleMethodAllAction.execute(ScheduledMethodControllerAction.java:336) ~[?:?]
		at repast.simphony.engine.schedule.DefaultAction.execute(DefaultAction.java:38) ~[?:?]
		at repast.simphony.engine.schedule.ScheduleGroup.executeList(ScheduleGroup.java:205) ~[?:?]
		at repast.simphony.engine.schedule.ScheduleGroup.execute(ScheduleGroup.java:231) ~[?:?]
		at repast.simphony.engine.schedule.Schedule.execute(Schedule.java:375) ~[?:?]
		at repast.simphony.ui.GUIScheduleRunner$ScheduleLoopRunnable.run(GUIScheduleRunner.java:52) ~[?:?]
		at java.lang.Thread.run(Thread.java:840) ~[?:?]
FATAL [Thread-2] 2025-10-27T20:41:55,796 GUIScheduleRunner - RunTimeException when running the schedule
Current tick (181.0)
java.lang.NullPointerException: Cannot get property 'linea' on null object
	at org.codehaus.groovy.runtime.NullObject.getProperty(NullObject.java:89) ~[groovy-3.0.21-indy.jar:3.0.21]
	at org.codehaus.groovy.vmplugin.v8.IndyInterface.fromCache(IndyInterface.java:318) ~[groovy-3.0.21-indy.jar:3.0.21]
	at subtes.relogo.UserObserver$_andenC_ocupacion_closure16.doCall(UserObserver.groovy:259) ~[?:?]
	at jdk.internal.reflect.GeneratedMethodAccessor45.invoke(Unknown Source) ~[?:?]
	at jdk.internal.reflect.DelegatingMethodAccessorImpl.invoke(DelegatingMethodAccessorImpl.java:43) ~[?:?]
	at java.lang.reflect.Method.invoke(Method.java:568) ~[?:?]
	at org.codehaus.groovy.reflection.CachedMethod.invoke(CachedMethod.java:107) ~[groovy-3.0.21-indy.jar:3.0.21]
	at groovy.lang.MetaMethod.doMethodInvoke(MetaMethod.java:323) ~[groovy-3.0.21-indy.jar:3.0.21]
	at org.codehaus.groovy.runtime.metaclass.ClosureMetaClass.invokeMethod(ClosureMetaClass.java:274) ~[groovy-3.0.21-indy.jar:3.0.21]
	at groovy.lang.MetaClassImpl.invokeMethod(MetaClassImpl.java:1030) ~[groovy-3.0.21-indy.jar:3.0.21]
	at org.codehaus.groovy.runtime.callsite.PogoMetaClassSite.call(PogoMetaClassSite.java:38) ~[groovy-3.0.21-indy.jar:3.0.21]
	at org.codehaus.groovy.runtime.callsite.BooleanReturningMethodInvoker.invoke(BooleanReturningMethodInvoker.java:49) ~[groovy-3.0.21-indy.jar:3.0.21]
	at org.codehaus.groovy.runtime.callsite.BooleanClosureWrapper.call(BooleanClosureWrapper.java:52) ~[groovy-3.0.21-indy.jar:3.0.21]
	at org.codehaus.groovy.runtime.DefaultGroovyMethods.count(DefaultGroovyMethods.java:3033) ~[groovy-3.0.21-indy.jar:3.0.21]
	at org.codehaus.groovy.runtime.DefaultGroovyMethods.count(DefaultGroovyMethods.java:3089) ~[groovy-3.0.21-indy.jar:3.0.21]
	at org.codehaus.groovy.runtime.dgm$157.doMethodInvoke(Unknown Source) ~[groovy-3.0.21-indy.jar:3.0.21]
	at org.codehaus.groovy.vmplugin.v8.IndyInterface.fromCache(IndyInterface.java:318) ~[groovy-3.0.21-indy.jar:3.0.21]
	at subtes.relogo.UserObserver.andenC_ocupacion(UserObserver.groovy:258) ~[?:?]
	at jdk.internal.reflect.GeneratedMethodAccessor59.invoke(Unknown Source) ~[?:?]
	at jdk.internal.reflect.DelegatingMethodAccessorImpl.invoke(DelegatingMethodAccessorImpl.java:43) ~[?:?]
	at java.lang.reflect.Method.invoke(Method.java:568) ~[?:?]
	at org.codehaus.groovy.reflection.CachedMethod.invoke(CachedMethod.java:107) ~[groovy-3.0.21-indy.jar:3.0.21]
	at groovy.lang.MetaMethod.doMethodInvoke(MetaMethod.java:323) ~[groovy-3.0.21-indy.jar:3.0.21]
	at groovy.lang.MetaClassImpl.invokeMethod(MetaClassImpl.java:1254) ~[groovy-3.0.21-indy.jar:3.0.21]
	at groovy.lang.MetaClassImpl.invokeMethod(MetaClassImpl.java:1030) ~[groovy-3.0.21-indy.jar:3.0.21]
	at org.codehaus.groovy.runtime.InvokerHelper.invokePogoMethod(InvokerHelper.java:1036) ~[groovy-3.0.21-indy.jar:3.0.21]
	at org.codehaus.groovy.runtime.InvokerHelper.invokeMethod(InvokerHelper.java:1019) ~[groovy-3.0.21-indy.jar:3.0.21]
	at org.codehaus.groovy.runtime.ScriptBytecodeAdapter.invokeMethodN(ScriptBytecodeAdapter.java:180) ~[groovy-3.0.21-indy.jar:3.0.21]
	at org.codehaus.groovy.runtime.ScriptBytecodeAdapter.invokeMethod0(ScriptBytecodeAdapter.java:201) ~[groovy-3.0.21-indy.jar:3.0.21]
	at repast.simphony.relogo.factories.ReLogoGlobalsAndPanelComponentsFactory$_createMonitor_closure5.doCall(ReLogoGlobalsAndPanelComponentsFactory.groovy:126) ~[?:?]
	at jdk.internal.reflect.GeneratedMethodAccessor58.invoke(Unknown Source) ~[?:?]
	at jdk.internal.reflect.DelegatingMethodAccessorImpl.invoke(DelegatingMethodAccessorImpl.java:43) ~[?:?]
	at java.lang.reflect.Method.invoke(Method.java:568) ~[?:?]
	at org.codehaus.groovy.reflection.CachedMethod.invoke(CachedMethod.java:107) ~[groovy-3.0.21-indy.jar:3.0.21]
	at groovy.lang.MetaMethod.doMethodInvoke(MetaMethod.java:323) ~[groovy-3.0.21-indy.jar:3.0.21]
	at org.codehaus.groovy.runtime.metaclass.ClosureMetaClass.invokeMethod(ClosureMetaClass.java:274) ~[groovy-3.0.21-indy.jar:3.0.21]
	at groovy.lang.MetaClassImpl.invokeMethod(MetaClassImpl.java:1030) ~[groovy-3.0.21-indy.jar:3.0.21]
	at groovy.lang.Closure.call(Closure.java:427) ~[groovy-3.0.21-indy.jar:3.0.21]
	at org.codehaus.groovy.runtime.ConvertedMap.invokeCustom(ConvertedMap.java:54) ~[groovy-3.0.21-indy.jar:3.0.21]
	at org.codehaus.groovy.runtime.ConversionHandler.invoke(ConversionHandler.java:112) ~[groovy-3.0.21-indy.jar:3.0.21]
	at jdk.proxy3.$Proxy22.execute(Unknown Source) ~[?:?]
	at repast.simphony.engine.schedule.DefaultAction.execute(DefaultAction.java:38) ~[?:?]
	at repast.simphony.engine.schedule.ScheduleGroup.executeList(ScheduleGroup.java:205) ~[?:?]
	at repast.simphony.engine.schedule.ScheduleGroup.execute(ScheduleGroup.java:231) ~[?:?]
	at repast.simphony.engine.schedule.Schedule.execute(Schedule.java:375) ~[?:?]
	at repast.simphony.ui.GUIScheduleRunner$ScheduleLoopRunnable.run(GUIScheduleRunner.java:52) ~[?:?]
	at java.lang.Thread.run(Thread.java:840) ~[?:?]
FATAL [Thread-2] 2025-10-27T20:44:37,378 GUIScheduleRunner - RunTimeException when running the schedule
Current tick (1.0)
groovy.lang.MissingMethodException: No signature of method: subtes.relogo.Pasajero.linea() is applicable for argument types: () values: []
Possible solutions: links(), link(java.lang.Number, java.lang.Number), link(repast.simphony.relogo.Turtle, repast.simphony.relogo.Turtle), die(), find(), find(groovy.lang.Closure)
	at org.codehaus.groovy.runtime.ScriptBytecodeAdapter.unwrap(ScriptBytecodeAdapter.java:70) ~[groovy-3.0.21-indy.jar:3.0.21]
	at org.codehaus.groovy.vmplugin.v8.IndyGuardsFiltersAndSignatures.unwrap(IndyGuardsFiltersAndSignatures.java:160) ~[groovy-3.0.21-indy.jar:3.0.21]
	at org.codehaus.groovy.vmplugin.v8.IndyInterface.fromCache(IndyInterface.java:318) ~[groovy-3.0.21-indy.jar:3.0.21]
	at subtes.relogo.UserObserver$_andenF_ocupacion_closure17.doCall(UserObserver.groovy:268) ~[?:?]
	at jdk.internal.reflect.NativeMethodAccessorImpl.invoke0(Native Method) ~[?:?]
	at jdk.internal.reflect.NativeMethodAccessorImpl.invoke(NativeMethodAccessorImpl.java:77) ~[?:?]
	at jdk.internal.reflect.DelegatingMethodAccessorImpl.invoke(DelegatingMethodAccessorImpl.java:43) ~[?:?]
	at java.lang.reflect.Method.invoke(Method.java:568) ~[?:?]
	at org.codehaus.groovy.reflection.CachedMethod.invoke(CachedMethod.java:107) ~[groovy-3.0.21-indy.jar:3.0.21]
	at groovy.lang.MetaMethod.doMethodInvoke(MetaMethod.java:323) ~[groovy-3.0.21-indy.jar:3.0.21]
	at org.codehaus.groovy.runtime.metaclass.ClosureMetaClass.invokeMethod(ClosureMetaClass.java:274) ~[groovy-3.0.21-indy.jar:3.0.21]
	at groovy.lang.MetaClassImpl.invokeMethod(MetaClassImpl.java:1030) ~[groovy-3.0.21-indy.jar:3.0.21]
	at org.codehaus.groovy.runtime.callsite.PogoMetaClassSite.call(PogoMetaClassSite.java:38) ~[groovy-3.0.21-indy.jar:3.0.21]
	at org.codehaus.groovy.runtime.callsite.CallSiteArray.defaultCall(CallSiteArray.java:47) ~[groovy-3.0.21-indy.jar:3.0.21]
	at org.codehaus.groovy.runtime.callsite.AbstractCallSite.call(AbstractCallSite.java:125) ~[groovy-3.0.21-indy.jar:3.0.21]
	at org.codehaus.groovy.runtime.callsite.BooleanReturningMethodInvoker.invoke(BooleanReturningMethodInvoker.java:49) ~[groovy-3.0.21-indy.jar:3.0.21]
	at org.codehaus.groovy.runtime.callsite.BooleanClosureWrapper.call(BooleanClosureWrapper.java:52) ~[groovy-3.0.21-indy.jar:3.0.21]
	at org.codehaus.groovy.runtime.DefaultGroovyMethods.count(DefaultGroovyMethods.java:3033) ~[groovy-3.0.21-indy.jar:3.0.21]
	at org.codehaus.groovy.runtime.DefaultGroovyMethods.count(DefaultGroovyMethods.java:3089) ~[groovy-3.0.21-indy.jar:3.0.21]
	at org.codehaus.groovy.runtime.dgm$157.doMethodInvoke(Unknown Source) ~[groovy-3.0.21-indy.jar:3.0.21]
	at org.codehaus.groovy.vmplugin.v8.IndyInterface.fromCache(IndyInterface.java:318) ~[groovy-3.0.21-indy.jar:3.0.21]
	at subtes.relogo.UserObserver.andenF_ocupacion(UserObserver.groovy:267) ~[?:?]
	at jdk.internal.reflect.NativeMethodAccessorImpl.invoke0(Native Method) ~[?:?]
	at jdk.internal.reflect.NativeMethodAccessorImpl.invoke(NativeMethodAccessorImpl.java:77) ~[?:?]
	at jdk.internal.reflect.DelegatingMethodAccessorImpl.invoke(DelegatingMethodAccessorImpl.java:43) ~[?:?]
	at java.lang.reflect.Method.invoke(Method.java:568) ~[?:?]
	at org.codehaus.groovy.reflection.CachedMethod.invoke(CachedMethod.java:107) ~[groovy-3.0.21-indy.jar:3.0.21]
	at groovy.lang.MetaMethod.doMethodInvoke(MetaMethod.java:323) ~[groovy-3.0.21-indy.jar:3.0.21]
	at groovy.lang.MetaClassImpl.invokeMethod(MetaClassImpl.java:1254) ~[groovy-3.0.21-indy.jar:3.0.21]
	at groovy.lang.MetaClassImpl.invokeMethod(MetaClassImpl.java:1030) ~[groovy-3.0.21-indy.jar:3.0.21]
	at org.codehaus.groovy.runtime.InvokerHelper.invokePogoMethod(InvokerHelper.java:1036) ~[groovy-3.0.21-indy.jar:3.0.21]
	at org.codehaus.groovy.runtime.InvokerHelper.invokeMethod(InvokerHelper.java:1019) ~[groovy-3.0.21-indy.jar:3.0.21]
	at org.codehaus.groovy.runtime.ScriptBytecodeAdapter.invokeMethodN(ScriptBytecodeAdapter.java:180) ~[groovy-3.0.21-indy.jar:3.0.21]
	at org.codehaus.groovy.runtime.ScriptBytecodeAdapter.invokeMethod0(ScriptBytecodeAdapter.java:201) ~[groovy-3.0.21-indy.jar:3.0.21]
	at repast.simphony.relogo.factories.ReLogoGlobalsAndPanelComponentsFactory$_createMonitor_closure5.doCall(ReLogoGlobalsAndPanelComponentsFactory.groovy:126) ~[?:?]
	at jdk.internal.reflect.NativeMethodAccessorImpl.invoke0(Native Method) ~[?:?]
	at jdk.internal.reflect.NativeMethodAccessorImpl.invoke(NativeMethodAccessorImpl.java:77) ~[?:?]
	at jdk.internal.reflect.DelegatingMethodAccessorImpl.invoke(DelegatingMethodAccessorImpl.java:43) ~[?:?]
	at java.lang.reflect.Method.invoke(Method.java:568) ~[?:?]
	at org.codehaus.groovy.reflection.CachedMethod.invoke(CachedMethod.java:107) ~[groovy-3.0.21-indy.jar:3.0.21]
	at groovy.lang.MetaMethod.doMethodInvoke(MetaMethod.java:323) ~[groovy-3.0.21-indy.jar:3.0.21]
	at org.codehaus.groovy.runtime.metaclass.ClosureMetaClass.invokeMethod(ClosureMetaClass.java:274) ~[groovy-3.0.21-indy.jar:3.0.21]
	at groovy.lang.MetaClassImpl.invokeMethod(MetaClassImpl.java:1030) ~[groovy-3.0.21-indy.jar:3.0.21]
	at groovy.lang.Closure.call(Closure.java:427) ~[groovy-3.0.21-indy.jar:3.0.21]
	at org.codehaus.groovy.runtime.ConvertedMap.invokeCustom(ConvertedMap.java:54) ~[groovy-3.0.21-indy.jar:3.0.21]
	at org.codehaus.groovy.runtime.ConversionHandler.invoke(ConversionHandler.java:112) ~[groovy-3.0.21-indy.jar:3.0.21]
	at jdk.proxy3.$Proxy22.execute(Unknown Source) ~[?:?]
	at repast.simphony.engine.schedule.DefaultAction.execute(DefaultAction.java:38) ~[?:?]
	at repast.simphony.engine.schedule.ScheduleGroup.executeList(ScheduleGroup.java:205) ~[?:?]
	at repast.simphony.engine.schedule.ScheduleGroup.execute(ScheduleGroup.java:231) ~[?:?]
	at repast.simphony.engine.schedule.Schedule.execute(Schedule.java:375) ~[?:?]
	at repast.simphony.ui.GUIScheduleRunner$ScheduleLoopRunnable.run(GUIScheduleRunner.java:52) ~[?:?]
	at java.lang.Thread.run(Thread.java:840) ~[?:?]
FATAL [Thread-2] 2025-10-28T17:00:37,679 GUIScheduleRunner - RunTimeException when running the schedule
Current tick (1.0)
java.lang.NullPointerException: Cannot invoke method minus() on null object
	at org.codehaus.groovy.runtime.NullObject.invokeMethod(NullObject.java:110) ~[groovy-3.0.21-indy.jar:3.0.21]
	at org.codehaus.groovy.vmplugin.v8.IndyGuardsFiltersAndSignatures.invokeGroovyObjectInvoker(IndyGuardsFiltersAndSignatures.java:148) ~[groovy-3.0.21-indy.jar:3.0.21]
	at org.codehaus.groovy.vmplugin.v8.IndyInterface.fromCache(IndyInterface.java:318) ~[groovy-3.0.21-indy.jar:3.0.21]
	at subtes.relogo.UserObserver.getEspacioC(UserObserver.groovy:286) ~[?:?]
	at jdk.internal.reflect.NativeMethodAccessorImpl.invoke0(Native Method) ~[?:?]
	at jdk.internal.reflect.NativeMethodAccessorImpl.invoke(NativeMethodAccessorImpl.java:77) ~[?:?]
	at jdk.internal.reflect.DelegatingMethodAccessorImpl.invoke(DelegatingMethodAccessorImpl.java:43) ~[?:?]
	at java.lang.reflect.Method.invoke(Method.java:568) ~[?:?]
	at org.codehaus.groovy.reflection.CachedMethod.invoke(CachedMethod.java:107) ~[groovy-3.0.21-indy.jar:3.0.21]
	at groovy.lang.MetaMethod.doMethodInvoke(MetaMethod.java:323) ~[groovy-3.0.21-indy.jar:3.0.21]
	at groovy.lang.MetaClassImpl.invokeMethod(MetaClassImpl.java:1254) ~[groovy-3.0.21-indy.jar:3.0.21]
	at groovy.lang.MetaClassImpl.invokeMethod(MetaClassImpl.java:1030) ~[groovy-3.0.21-indy.jar:3.0.21]
	at org.codehaus.groovy.runtime.InvokerHelper.invokePogoMethod(InvokerHelper.java:1036) ~[groovy-3.0.21-indy.jar:3.0.21]
	at org.codehaus.groovy.runtime.InvokerHelper.invokeMethod(InvokerHelper.java:1019) ~[groovy-3.0.21-indy.jar:3.0.21]
	at org.codehaus.groovy.runtime.ScriptBytecodeAdapter.invokeMethodN(ScriptBytecodeAdapter.java:180) ~[groovy-3.0.21-indy.jar:3.0.21]
	at org.codehaus.groovy.runtime.ScriptBytecodeAdapter.invokeMethod0(ScriptBytecodeAdapter.java:201) ~[groovy-3.0.21-indy.jar:3.0.21]
	at repast.simphony.relogo.factories.ReLogoGlobalsAndPanelComponentsFactory$_createMonitor_closure5.doCall(ReLogoGlobalsAndPanelComponentsFactory.groovy:126) ~[?:?]
	at jdk.internal.reflect.NativeMethodAccessorImpl.invoke0(Native Method) ~[?:?]
	at jdk.internal.reflect.NativeMethodAccessorImpl.invoke(NativeMethodAccessorImpl.java:77) ~[?:?]
	at jdk.internal.reflect.DelegatingMethodAccessorImpl.invoke(DelegatingMethodAccessorImpl.java:43) ~[?:?]
	at java.lang.reflect.Method.invoke(Method.java:568) ~[?:?]
	at org.codehaus.groovy.reflection.CachedMethod.invoke(CachedMethod.java:107) ~[groovy-3.0.21-indy.jar:3.0.21]
	at groovy.lang.MetaMethod.doMethodInvoke(MetaMethod.java:323) ~[groovy-3.0.21-indy.jar:3.0.21]
	at org.codehaus.groovy.runtime.metaclass.ClosureMetaClass.invokeMethod(ClosureMetaClass.java:274) ~[groovy-3.0.21-indy.jar:3.0.21]
	at groovy.lang.MetaClassImpl.invokeMethod(MetaClassImpl.java:1030) ~[groovy-3.0.21-indy.jar:3.0.21]
	at groovy.lang.Closure.call(Closure.java:427) ~[groovy-3.0.21-indy.jar:3.0.21]
	at org.codehaus.groovy.runtime.ConvertedMap.invokeCustom(ConvertedMap.java:54) ~[groovy-3.0.21-indy.jar:3.0.21]
	at org.codehaus.groovy.runtime.ConversionHandler.invoke(ConversionHandler.java:112) ~[groovy-3.0.21-indy.jar:3.0.21]
	at jdk.proxy3.$Proxy22.execute(Unknown Source) ~[?:?]
	at repast.simphony.engine.schedule.DefaultAction.execute(DefaultAction.java:38) ~[?:?]
	at repast.simphony.engine.schedule.ScheduleGroup.executeList(ScheduleGroup.java:205) ~[?:?]
	at repast.simphony.engine.schedule.ScheduleGroup.execute(ScheduleGroup.java:231) ~[?:?]
	at repast.simphony.engine.schedule.Schedule.execute(Schedule.java:375) ~[?:?]
	at repast.simphony.ui.GUIScheduleRunner$ScheduleLoopRunnable.run(GUIScheduleRunner.java:52) ~[?:?]
	at java.lang.Thread.run(Thread.java:840) ~[?:?]
FATAL [Thread-2] 2025-10-28T17:02:20,858 GUIScheduleRunner - RunTimeException when running the schedule
Current tick (1.0)
java.lang.NullPointerException: Cannot invoke method minus() on null object
	at org.codehaus.groovy.runtime.NullObject.invokeMethod(NullObject.java:110) ~[groovy-3.0.21-indy.jar:3.0.21]
	at org.codehaus.groovy.vmplugin.v8.IndyGuardsFiltersAndSignatures.invokeGroovyObjectInvoker(IndyGuardsFiltersAndSignatures.java:148) ~[groovy-3.0.21-indy.jar:3.0.21]
	at org.codehaus.groovy.vmplugin.v8.IndyInterface.fromCache(IndyInterface.java:318) ~[groovy-3.0.21-indy.jar:3.0.21]
	at subtes.relogo.UserObserver.getEspacioC(UserObserver.groovy:287) ~[?:?]
	at jdk.internal.reflect.NativeMethodAccessorImpl.invoke0(Native Method) ~[?:?]
	at jdk.internal.reflect.NativeMethodAccessorImpl.invoke(NativeMethodAccessorImpl.java:77) ~[?:?]
	at jdk.internal.reflect.DelegatingMethodAccessorImpl.invoke(DelegatingMethodAccessorImpl.java:43) ~[?:?]
	at java.lang.reflect.Method.invoke(Method.java:568) ~[?:?]
	at org.codehaus.groovy.reflection.CachedMethod.invoke(CachedMethod.java:107) ~[groovy-3.0.21-indy.jar:3.0.21]
	at groovy.lang.MetaMethod.doMethodInvoke(MetaMethod.java:323) ~[groovy-3.0.21-indy.jar:3.0.21]
	at groovy.lang.MetaClassImpl.invokeMethod(MetaClassImpl.java:1254) ~[groovy-3.0.21-indy.jar:3.0.21]
	at groovy.lang.MetaClassImpl.invokeMethod(MetaClassImpl.java:1030) ~[groovy-3.0.21-indy.jar:3.0.21]
	at org.codehaus.groovy.runtime.InvokerHelper.invokePogoMethod(InvokerHelper.java:1036) ~[groovy-3.0.21-indy.jar:3.0.21]
	at org.codehaus.groovy.runtime.InvokerHelper.invokeMethod(InvokerHelper.java:1019) ~[groovy-3.0.21-indy.jar:3.0.21]
	at org.codehaus.groovy.runtime.ScriptBytecodeAdapter.invokeMethodN(ScriptBytecodeAdapter.java:180) ~[groovy-3.0.21-indy.jar:3.0.21]
	at org.codehaus.groovy.runtime.ScriptBytecodeAdapter.invokeMethod0(ScriptBytecodeAdapter.java:201) ~[groovy-3.0.21-indy.jar:3.0.21]
	at repast.simphony.relogo.factories.ReLogoGlobalsAndPanelComponentsFactory$_createMonitor_closure5.doCall(ReLogoGlobalsAndPanelComponentsFactory.groovy:126) ~[?:?]
	at jdk.internal.reflect.NativeMethodAccessorImpl.invoke0(Native Method) ~[?:?]
	at jdk.internal.reflect.NativeMethodAccessorImpl.invoke(NativeMethodAccessorImpl.java:77) ~[?:?]
	at jdk.internal.reflect.DelegatingMethodAccessorImpl.invoke(DelegatingMethodAccessorImpl.java:43) ~[?:?]
	at java.lang.reflect.Method.invoke(Method.java:568) ~[?:?]
	at org.codehaus.groovy.reflection.CachedMethod.invoke(CachedMethod.java:107) ~[groovy-3.0.21-indy.jar:3.0.21]
	at groovy.lang.MetaMethod.doMethodInvoke(MetaMethod.java:323) ~[groovy-3.0.21-indy.jar:3.0.21]
	at org.codehaus.groovy.runtime.metaclass.ClosureMetaClass.invokeMethod(ClosureMetaClass.java:274) ~[groovy-3.0.21-indy.jar:3.0.21]
	at groovy.lang.MetaClassImpl.invokeMethod(MetaClassImpl.java:1030) ~[groovy-3.0.21-indy.jar:3.0.21]
	at groovy.lang.Closure.call(Closure.java:427) ~[groovy-3.0.21-indy.jar:3.0.21]
	at org.codehaus.groovy.runtime.ConvertedMap.invokeCustom(ConvertedMap.java:54) ~[groovy-3.0.21-indy.jar:3.0.21]
	at org.codehaus.groovy.runtime.ConversionHandler.invoke(ConversionHandler.java:112) ~[groovy-3.0.21-indy.jar:3.0.21]
	at jdk.proxy3.$Proxy22.execute(Unknown Source) ~[?:?]
	at repast.simphony.engine.schedule.DefaultAction.execute(DefaultAction.java:38) ~[?:?]
	at repast.simphony.engine.schedule.ScheduleGroup.executeList(ScheduleGroup.java:205) ~[?:?]
	at repast.simphony.engine.schedule.ScheduleGroup.execute(ScheduleGroup.java:231) ~[?:?]
	at repast.simphony.engine.schedule.Schedule.execute(Schedule.java:375) ~[?:?]
	at repast.simphony.ui.GUIScheduleRunner$ScheduleLoopRunnable.run(GUIScheduleRunner.java:52) ~[?:?]
	at java.lang.Thread.run(Thread.java:840) ~[?:?]
FATAL [Thread-2] 2025-10-28T17:03:53,078 GUIScheduleRunner - RunTimeException when running the schedule
Current tick (1.0)
java.lang.NullPointerException: Cannot invoke method minus() on null object
	at org.codehaus.groovy.runtime.NullObject.invokeMethod(NullObject.java:110) ~[groovy-3.0.21-indy.jar:3.0.21]
	at org.codehaus.groovy.vmplugin.v8.IndyGuardsFiltersAndSignatures.invokeGroovyObjectInvoker(IndyGuardsFiltersAndSignatures.java:148) ~[groovy-3.0.21-indy.jar:3.0.21]
	at org.codehaus.groovy.vmplugin.v8.IndyInterface.fromCache(IndyInterface.java:318) ~[groovy-3.0.21-indy.jar:3.0.21]
	at subtes.relogo.UserObserver.getEspacioC(UserObserver.groovy:287) ~[?:?]
	at jdk.internal.reflect.NativeMethodAccessorImpl.invoke0(Native Method) ~[?:?]
	at jdk.internal.reflect.NativeMethodAccessorImpl.invoke(NativeMethodAccessorImpl.java:77) ~[?:?]
	at jdk.internal.reflect.DelegatingMethodAccessorImpl.invoke(DelegatingMethodAccessorImpl.java:43) ~[?:?]
	at java.lang.reflect.Method.invoke(Method.java:568) ~[?:?]
	at org.codehaus.groovy.reflection.CachedMethod.invoke(CachedMethod.java:107) ~[groovy-3.0.21-indy.jar:3.0.21]
	at groovy.lang.MetaMethod.doMethodInvoke(MetaMethod.java:323) ~[groovy-3.0.21-indy.jar:3.0.21]
	at groovy.lang.MetaClassImpl.invokeMethod(MetaClassImpl.java:1254) ~[groovy-3.0.21-indy.jar:3.0.21]
	at groovy.lang.MetaClassImpl.invokeMethod(MetaClassImpl.java:1030) ~[groovy-3.0.21-indy.jar:3.0.21]
	at org.codehaus.groovy.runtime.InvokerHelper.invokePogoMethod(InvokerHelper.java:1036) ~[groovy-3.0.21-indy.jar:3.0.21]
	at org.codehaus.groovy.runtime.InvokerHelper.invokeMethod(InvokerHelper.java:1019) ~[groovy-3.0.21-indy.jar:3.0.21]
	at org.codehaus.groovy.runtime.ScriptBytecodeAdapter.invokeMethodN(ScriptBytecodeAdapter.java:180) ~[groovy-3.0.21-indy.jar:3.0.21]
	at org.codehaus.groovy.runtime.ScriptBytecodeAdapter.invokeMethod0(ScriptBytecodeAdapter.java:201) ~[groovy-3.0.21-indy.jar:3.0.21]
	at repast.simphony.relogo.factories.ReLogoGlobalsAndPanelComponentsFactory$_createMonitor_closure5.doCall(ReLogoGlobalsAndPanelComponentsFactory.groovy:126) ~[?:?]
	at jdk.internal.reflect.NativeMethodAccessorImpl.invoke0(Native Method) ~[?:?]
	at jdk.internal.reflect.NativeMethodAccessorImpl.invoke(NativeMethodAccessorImpl.java:77) ~[?:?]
	at jdk.internal.reflect.DelegatingMethodAccessorImpl.invoke(DelegatingMethodAccessorImpl.java:43) ~[?:?]
	at java.lang.reflect.Method.invoke(Method.java:568) ~[?:?]
	at org.codehaus.groovy.reflection.CachedMethod.invoke(CachedMethod.java:107) ~[groovy-3.0.21-indy.jar:3.0.21]
	at groovy.lang.MetaMethod.doMethodInvoke(MetaMethod.java:323) ~[groovy-3.0.21-indy.jar:3.0.21]
	at org.codehaus.groovy.runtime.metaclass.ClosureMetaClass.invokeMethod(ClosureMetaClass.java:274) ~[groovy-3.0.21-indy.jar:3.0.21]
	at groovy.lang.MetaClassImpl.invokeMethod(MetaClassImpl.java:1030) ~[groovy-3.0.21-indy.jar:3.0.21]
	at groovy.lang.Closure.call(Closure.java:427) ~[groovy-3.0.21-indy.jar:3.0.21]
	at org.codehaus.groovy.runtime.ConvertedMap.invokeCustom(ConvertedMap.java:54) ~[groovy-3.0.21-indy.jar:3.0.21]
	at org.codehaus.groovy.runtime.ConversionHandler.invoke(ConversionHandler.java:112) ~[groovy-3.0.21-indy.jar:3.0.21]
	at jdk.proxy3.$Proxy22.execute(Unknown Source) ~[?:?]
	at repast.simphony.engine.schedule.DefaultAction.execute(DefaultAction.java:38) ~[?:?]
	at repast.simphony.engine.schedule.ScheduleGroup.executeList(ScheduleGroup.java:205) ~[?:?]
	at repast.simphony.engine.schedule.ScheduleGroup.execute(ScheduleGroup.java:231) ~[?:?]
	at repast.simphony.engine.schedule.Schedule.execute(Schedule.java:375) ~[?:?]
	at repast.simphony.ui.GUIScheduleRunner$ScheduleLoopRunnable.run(GUIScheduleRunner.java:52) ~[?:?]
	at java.lang.Thread.run(Thread.java:840) ~[?:?]
FATAL [Thread-2] 2025-10-28T17:05:00,043 GUIScheduleRunner - RunTimeException when running the schedule
Current tick (1.0)
java.lang.NullPointerException: Cannot invoke method minus() on null object
	at org.codehaus.groovy.runtime.NullObject.invokeMethod(NullObject.java:110) ~[groovy-3.0.21-indy.jar:3.0.21]
	at org.codehaus.groovy.vmplugin.v8.IndyGuardsFiltersAndSignatures.invokeGroovyObjectInvoker(IndyGuardsFiltersAndSignatures.java:148) ~[groovy-3.0.21-indy.jar:3.0.21]
	at org.codehaus.groovy.vmplugin.v8.IndyInterface.fromCache(IndyInterface.java:318) ~[groovy-3.0.21-indy.jar:3.0.21]
	at subtes.relogo.UserObserver.getEspacioC(UserObserver.groovy:288) ~[?:?]
	at jdk.internal.reflect.NativeMethodAccessorImpl.invoke0(Native Method) ~[?:?]
	at jdk.internal.reflect.NativeMethodAccessorImpl.invoke(NativeMethodAccessorImpl.java:77) ~[?:?]
	at jdk.internal.reflect.DelegatingMethodAccessorImpl.invoke(DelegatingMethodAccessorImpl.java:43) ~[?:?]
	at java.lang.reflect.Method.invoke(Method.java:568) ~[?:?]
	at org.codehaus.groovy.reflection.CachedMethod.invoke(CachedMethod.java:107) ~[groovy-3.0.21-indy.jar:3.0.21]
	at groovy.lang.MetaMethod.doMethodInvoke(MetaMethod.java:323) ~[groovy-3.0.21-indy.jar:3.0.21]
	at groovy.lang.MetaClassImpl.invokeMethod(MetaClassImpl.java:1254) ~[groovy-3.0.21-indy.jar:3.0.21]
	at groovy.lang.MetaClassImpl.invokeMethod(MetaClassImpl.java:1030) ~[groovy-3.0.21-indy.jar:3.0.21]
	at org.codehaus.groovy.runtime.InvokerHelper.invokePogoMethod(InvokerHelper.java:1036) ~[groovy-3.0.21-indy.jar:3.0.21]
	at org.codehaus.groovy.runtime.InvokerHelper.invokeMethod(InvokerHelper.java:1019) ~[groovy-3.0.21-indy.jar:3.0.21]
	at org.codehaus.groovy.runtime.ScriptBytecodeAdapter.invokeMethodN(ScriptBytecodeAdapter.java:180) ~[groovy-3.0.21-indy.jar:3.0.21]
	at org.codehaus.groovy.runtime.ScriptBytecodeAdapter.invokeMethod0(ScriptBytecodeAdapter.java:201) ~[groovy-3.0.21-indy.jar:3.0.21]
	at repast.simphony.relogo.factories.ReLogoGlobalsAndPanelComponentsFactory$_createMonitor_closure5.doCall(ReLogoGlobalsAndPanelComponentsFactory.groovy:126) ~[?:?]
	at jdk.internal.reflect.NativeMethodAccessorImpl.invoke0(Native Method) ~[?:?]
	at jdk.internal.reflect.NativeMethodAccessorImpl.invoke(NativeMethodAccessorImpl.java:77) ~[?:?]
	at jdk.internal.reflect.DelegatingMethodAccessorImpl.invoke(DelegatingMethodAccessorImpl.java:43) ~[?:?]
	at java.lang.reflect.Method.invoke(Method.java:568) ~[?:?]
	at org.codehaus.groovy.reflection.CachedMethod.invoke(CachedMethod.java:107) ~[groovy-3.0.21-indy.jar:3.0.21]
	at groovy.lang.MetaMethod.doMethodInvoke(MetaMethod.java:323) ~[groovy-3.0.21-indy.jar:3.0.21]
	at org.codehaus.groovy.runtime.metaclass.ClosureMetaClass.invokeMethod(ClosureMetaClass.java:274) ~[groovy-3.0.21-indy.jar:3.0.21]
	at groovy.lang.MetaClassImpl.invokeMethod(MetaClassImpl.java:1030) ~[groovy-3.0.21-indy.jar:3.0.21]
	at groovy.lang.Closure.call(Closure.java:427) ~[groovy-3.0.21-indy.jar:3.0.21]
	at org.codehaus.groovy.runtime.ConvertedMap.invokeCustom(ConvertedMap.java:54) ~[groovy-3.0.21-indy.jar:3.0.21]
	at org.codehaus.groovy.runtime.ConversionHandler.invoke(ConversionHandler.java:112) ~[groovy-3.0.21-indy.jar:3.0.21]
	at jdk.proxy3.$Proxy22.execute(Unknown Source) ~[?:?]
	at repast.simphony.engine.schedule.DefaultAction.execute(DefaultAction.java:38) ~[?:?]
	at repast.simphony.engine.schedule.ScheduleGroup.executeList(ScheduleGroup.java:205) ~[?:?]
	at repast.simphony.engine.schedule.ScheduleGroup.execute(ScheduleGroup.java:231) ~[?:?]
	at repast.simphony.engine.schedule.Schedule.execute(Schedule.java:375) ~[?:?]
	at repast.simphony.ui.GUIScheduleRunner$ScheduleLoopRunnable.run(GUIScheduleRunner.java:52) ~[?:?]
	at java.lang.Thread.run(Thread.java:840) ~[?:?]
FATAL [Thread-2] 2025-10-28T17:08:21,234 GUIScheduleRunner - RunTimeException when running the schedule
Current tick (1.0)
java.lang.NullPointerException: Cannot invoke method minus() on null object
	at org.codehaus.groovy.runtime.NullObject.invokeMethod(NullObject.java:110) ~[groovy-3.0.21-indy.jar:3.0.21]
	at org.codehaus.groovy.vmplugin.v8.IndyGuardsFiltersAndSignatures.invokeGroovyObjectInvoker(IndyGuardsFiltersAndSignatures.java:148) ~[groovy-3.0.21-indy.jar:3.0.21]
	at org.codehaus.groovy.vmplugin.v8.IndyInterface.fromCache(IndyInterface.java:318) ~[groovy-3.0.21-indy.jar:3.0.21]
	at subtes.relogo.UserObserver.getEspacioC(UserObserver.groovy:288) ~[?:?]
	at jdk.internal.reflect.NativeMethodAccessorImpl.invoke0(Native Method) ~[?:?]
	at jdk.internal.reflect.NativeMethodAccessorImpl.invoke(NativeMethodAccessorImpl.java:77) ~[?:?]
	at jdk.internal.reflect.DelegatingMethodAccessorImpl.invoke(DelegatingMethodAccessorImpl.java:43) ~[?:?]
	at java.lang.reflect.Method.invoke(Method.java:568) ~[?:?]
	at org.codehaus.groovy.reflection.CachedMethod.invoke(CachedMethod.java:107) ~[groovy-3.0.21-indy.jar:3.0.21]
	at groovy.lang.MetaMethod.doMethodInvoke(MetaMethod.java:323) ~[groovy-3.0.21-indy.jar:3.0.21]
	at groovy.lang.MetaClassImpl.invokeMethod(MetaClassImpl.java:1254) ~[groovy-3.0.21-indy.jar:3.0.21]
	at groovy.lang.MetaClassImpl.invokeMethod(MetaClassImpl.java:1030) ~[groovy-3.0.21-indy.jar:3.0.21]
	at org.codehaus.groovy.runtime.InvokerHelper.invokePogoMethod(InvokerHelper.java:1036) ~[groovy-3.0.21-indy.jar:3.0.21]
	at org.codehaus.groovy.runtime.InvokerHelper.invokeMethod(InvokerHelper.java:1019) ~[groovy-3.0.21-indy.jar:3.0.21]
	at org.codehaus.groovy.runtime.ScriptBytecodeAdapter.invokeMethodN(ScriptBytecodeAdapter.java:180) ~[groovy-3.0.21-indy.jar:3.0.21]
	at org.codehaus.groovy.runtime.ScriptBytecodeAdapter.invokeMethod0(ScriptBytecodeAdapter.java:201) ~[groovy-3.0.21-indy.jar:3.0.21]
	at repast.simphony.relogo.factories.ReLogoGlobalsAndPanelComponentsFactory$_createMonitor_closure5.doCall(ReLogoGlobalsAndPanelComponentsFactory.groovy:126) ~[?:?]
	at jdk.internal.reflect.NativeMethodAccessorImpl.invoke0(Native Method) ~[?:?]
	at jdk.internal.reflect.NativeMethodAccessorImpl.invoke(NativeMethodAccessorImpl.java:77) ~[?:?]
	at jdk.internal.reflect.DelegatingMethodAccessorImpl.invoke(DelegatingMethodAccessorImpl.java:43) ~[?:?]
	at java.lang.reflect.Method.invoke(Method.java:568) ~[?:?]
	at org.codehaus.groovy.reflection.CachedMethod.invoke(CachedMethod.java:107) ~[groovy-3.0.21-indy.jar:3.0.21]
	at groovy.lang.MetaMethod.doMethodInvoke(MetaMethod.java:323) ~[groovy-3.0.21-indy.jar:3.0.21]
	at org.codehaus.groovy.runtime.metaclass.ClosureMetaClass.invokeMethod(ClosureMetaClass.java:274) ~[groovy-3.0.21-indy.jar:3.0.21]
	at groovy.lang.MetaClassImpl.invokeMethod(MetaClassImpl.java:1030) ~[groovy-3.0.21-indy.jar:3.0.21]
	at groovy.lang.Closure.call(Closure.java:427) ~[groovy-3.0.21-indy.jar:3.0.21]
	at org.codehaus.groovy.runtime.ConvertedMap.invokeCustom(ConvertedMap.java:54) ~[groovy-3.0.21-indy.jar:3.0.21]
	at org.codehaus.groovy.runtime.ConversionHandler.invoke(ConversionHandler.java:112) ~[groovy-3.0.21-indy.jar:3.0.21]
	at jdk.proxy3.$Proxy22.execute(Unknown Source) ~[?:?]
	at repast.simphony.engine.schedule.DefaultAction.execute(DefaultAction.java:38) ~[?:?]
	at repast.simphony.engine.schedule.ScheduleGroup.executeList(ScheduleGroup.java:205) ~[?:?]
	at repast.simphony.engine.schedule.ScheduleGroup.execute(ScheduleGroup.java:231) ~[?:?]
	at repast.simphony.engine.schedule.Schedule.execute(Schedule.java:375) ~[?:?]
	at repast.simphony.ui.GUIScheduleRunner$ScheduleLoopRunnable.run(GUIScheduleRunner.java:52) ~[?:?]
	at java.lang.Thread.run(Thread.java:840) ~[?:?]
ERROR [AWT-EventQueue-0] 2025-10-29T19:36:28,498 RSApplication - Error while initializing simulation
repast.simphony.parameter.IllegalParameterException: Parameter 'default_observer_minPxcor' not found in the schema.
	at repast.simphony.parameter.DefaultParameters.getValue(DefaultParameters.java:211) ~[?:?]
	at org.codehaus.groovy.vmplugin.v8.IndyInterface.fromCache(IndyInterface.java:318) ~[groovy-3.0.21-indy.jar:3.0.21]
	at subtes.context.SimBuilder.build(SimBuilder.groovy:34) ~[?:?]
	at repast.simphony.dataLoader.engine.ClassNameContextBuilder.build(ClassNameContextBuilder.java:41) ~[?:?]
	at repast.simphony.dataLoader.engine.DataLoaderControllerAction.runInitialize(DataLoaderControllerAction.java:48) ~[?:?]
	at repast.simphony.engine.controller.DefaultController$2.visit(DefaultController.java:214) ~[?:?]
	at repast.simphony.engine.controller.DefaultController$2.visit(DefaultController.java:1) ~[?:?]
	at repast.simphony.util.collections.NaryTree.preOrderTraverals(NaryTree.java:292) ~[?:?]
	at repast.simphony.util.collections.NaryTree.preOrderTraverals(NaryTree.java:295) ~[?:?]
	at repast.simphony.util.collections.NaryTree.preOrderTraverals(NaryTree.java:295) ~[?:?]
	at repast.simphony.util.collections.NaryTree.preOrderTraversal(NaryTree.java:288) ~[?:?]
	at repast.simphony.engine.controller.DefaultController.runInitialize(DefaultController.java:212) ~[?:?]
	at repast.simphony.engine.controller.DefaultController.runInitialize(DefaultController.java:383) ~[?:?]
	at repast.simphony.ui.RSApplication.initSim(RSApplication.java:171) ~[?:?]
	at repast.simphony.ui.RSApplication.step(RSApplication.java:223) ~[?:?]
	at repast.simphony.ui.action.StepRun.actionPerformed(StepRun.java:17) ~[?:?]
	at javax.swing.AbstractButton.fireActionPerformed(AbstractButton.java:1972) ~[?:?]
	at javax.swing.AbstractButton$Handler.actionPerformed(AbstractButton.java:2313) ~[?:?]
	at javax.swing.DefaultButtonModel.fireActionPerformed(DefaultButtonModel.java:405) ~[?:?]
	at javax.swing.DefaultButtonModel.setPressed(DefaultButtonModel.java:262) ~[?:?]
	at javax.swing.plaf.basic.BasicButtonListener.mouseReleased(BasicButtonListener.java:279) ~[?:?]
	at java.awt.AWTEventMulticaster.mouseReleased(AWTEventMulticaster.java:297) ~[?:?]
	at java.awt.Component.processMouseEvent(Component.java:6626) ~[?:?]
	at javax.swing.JComponent.processMouseEvent(JComponent.java:3389) ~[?:?]
	at java.awt.Component.processEvent(Component.java:6391) ~[?:?]
	at java.awt.Container.processEvent(Container.java:2266) ~[?:?]
	at java.awt.Component.dispatchEventImpl(Component.java:5001) ~[?:?]
	at java.awt.Container.dispatchEventImpl(Container.java:2324) ~[?:?]
	at java.awt.Component.dispatchEvent(Component.java:4833) ~[?:?]
	at java.awt.LightweightDispatcher.retargetMouseEvent(Container.java:4948) ~[?:?]
	at java.awt.LightweightDispatcher.processMouseEvent(Container.java:4575) ~[?:?]
	at java.awt.LightweightDispatcher.dispatchEvent(Container.java:4516) ~[?:?]
	at java.awt.Container.dispatchEventImpl(Container.java:2310) ~[?:?]
	at java.awt.Window.dispatchEventImpl(Window.java:2780) ~[?:?]
	at java.awt.Component.dispatchEvent(Component.java:4833) ~[?:?]
	at java.awt.EventQueue.dispatchEventImpl(EventQueue.java:775) ~[?:?]
	at java.awt.EventQueue$4.run(EventQueue.java:720) ~[?:?]
	at java.awt.EventQueue$4.run(EventQueue.java:714) ~[?:?]
	at java.security.AccessController.doPrivileged(AccessController.java:399) ~[?:?]
	at java.security.ProtectionDomain$JavaSecurityAccessImpl.doIntersectionPrivilege(ProtectionDomain.java:86) ~[?:?]
	at java.security.ProtectionDomain$JavaSecurityAccessImpl.doIntersectionPrivilege(ProtectionDomain.java:97) ~[?:?]
	at java.awt.EventQueue$5.run(EventQueue.java:747) ~[?:?]
	at java.awt.EventQueue$5.run(EventQueue.java:745) ~[?:?]
	at java.security.AccessController.doPrivileged(AccessController.java:399) ~[?:?]
	at java.security.ProtectionDomain$JavaSecurityAccessImpl.doIntersectionPrivilege(ProtectionDomain.java:86) ~[?:?]
	at java.awt.EventQueue.dispatchEvent(EventQueue.java:744) ~[?:?]
	at java.awt.EventDispatchThread.pumpOneEventForFilters(EventDispatchThread.java:203) ~[?:?]
	at java.awt.EventDispatchThread.pumpEventsForFilter(EventDispatchThread.java:124) ~[?:?]
	at java.awt.EventDispatchThread.pumpEventsForHierarchy(EventDispatchThread.java:113) ~[?:?]
	at java.awt.EventDispatchThread.pumpEvents(EventDispatchThread.java:109) ~[?:?]
	at java.awt.EventDispatchThread.pumpEvents(EventDispatchThread.java:101) ~[?:?]
	at java.awt.EventDispatchThread.run(EventDispatchThread.java:90) ~[?:?]
ERROR [AWT-EventQueue-0] 2025-10-29T19:37:15,112 AbstractControllerAction - AbstractControllerAction.findContextInRunState: Error, the master context was not initialized properly and is null. A master context must beset.
java.lang.RuntimeException: Error, the master context was not initialized properly and is null. A master context must beset.
	at repast.simphony.engine.controller.AbstractControllerAction.findContextInRunState(AbstractControllerAction.java:89) ~[?:?]
	at repast.simphony.engine.controller.AbstractControllerAction.runCleanup(AbstractControllerAction.java:66) ~[?:?]
	at repast.simphony.engine.controller.DefaultController$5.visit(DefaultController.java:286) ~[?:?]
	at repast.simphony.engine.controller.DefaultController$5.visit(DefaultController.java:1) ~[?:?]
	at repast.simphony.util.collections.NaryTree.preOrderTraverals(NaryTree.java:292) ~[?:?]
	at repast.simphony.util.collections.NaryTree.preOrderTraverals(NaryTree.java:295) ~[?:?]
	at repast.simphony.util.collections.NaryTree.preOrderTraverals(NaryTree.java:295) ~[?:?]
	at repast.simphony.util.collections.NaryTree.preOrderTraversal(NaryTree.java:288) ~[?:?]
	at repast.simphony.engine.controller.DefaultController.runCleanup(DefaultController.java:284) ~[?:?]
	at repast.simphony.engine.controller.DefaultController.runCleanup(DefaultController.java:291) ~[?:?]
	at repast.simphony.engine.controller.DefaultController.runCleanup(DefaultController.java:444) ~[?:?]
	at repast.simphony.ui.RSApplication.reset(RSApplication.java:462) ~[?:?]
	at repast.simphony.ui.action.ResetRun.actionPerformed(ResetRun.java:17) ~[?:?]
	at javax.swing.AbstractButton.fireActionPerformed(AbstractButton.java:1972) ~[?:?]
	at javax.swing.AbstractButton$Handler.actionPerformed(AbstractButton.java:2313) ~[?:?]
	at javax.swing.DefaultButtonModel.fireActionPerformed(DefaultButtonModel.java:405) ~[?:?]
	at javax.swing.DefaultButtonModel.setPressed(DefaultButtonModel.java:262) ~[?:?]
	at javax.swing.AbstractButton.doClick(AbstractButton.java:374) ~[?:?]
	at com.jidesoft.plaf.vsnet.VsnetMenuItemUI.doClick(VsnetMenuItemUI.java:1395) ~[?:?]
	at com.jidesoft.plaf.vsnet.VsnetMenuItemUI$MouseInputHandler.mouseReleased(VsnetMenuItemUI.java:1190) ~[?:?]
	at java.awt.Component.processMouseEvent(Component.java:6626) ~[?:?]
	at javax.swing.JComponent.processMouseEvent(JComponent.java:3389) ~[?:?]
	at java.awt.Component.processEvent(Component.java:6391) ~[?:?]
	at java.awt.Container.processEvent(Container.java:2266) ~[?:?]
	at java.awt.Component.dispatchEventImpl(Component.java:5001) ~[?:?]
	at java.awt.Container.dispatchEventImpl(Container.java:2324) ~[?:?]
	at java.awt.Component.dispatchEvent(Component.java:4833) ~[?:?]
	at java.awt.LightweightDispatcher.retargetMouseEvent(Container.java:4948) ~[?:?]
	at java.awt.LightweightDispatcher.processMouseEvent(Container.java:4575) ~[?:?]
	at java.awt.LightweightDispatcher.dispatchEvent(Container.java:4516) ~[?:?]
	at java.awt.Container.dispatchEventImpl(Container.java:2310) ~[?:?]
	at java.awt.Window.dispatchEventImpl(Window.java:2780) ~[?:?]
	at java.awt.Component.dispatchEvent(Component.java:4833) ~[?:?]
	at java.awt.EventQueue.dispatchEventImpl(EventQueue.java:775) ~[?:?]
	at java.awt.EventQueue$4.run(EventQueue.java:720) ~[?:?]
	at java.awt.EventQueue$4.run(EventQueue.java:714) ~[?:?]
	at java.security.AccessController.doPrivileged(AccessController.java:399) ~[?:?]
	at java.security.ProtectionDomain$JavaSecurityAccessImpl.doIntersectionPrivilege(ProtectionDomain.java:86) ~[?:?]
	at java.security.ProtectionDomain$JavaSecurityAccessImpl.doIntersectionPrivilege(ProtectionDomain.java:97) ~[?:?]
	at java.awt.EventQueue$5.run(EventQueue.java:747) ~[?:?]
	at java.awt.EventQueue$5.run(EventQueue.java:745) ~[?:?]
	at java.security.AccessController.doPrivileged(AccessController.java:399) ~[?:?]
	at java.security.ProtectionDomain$JavaSecurityAccessImpl.doIntersectionPrivilege(ProtectionDomain.java:86) ~[?:?]
	at java.awt.EventQueue.dispatchEvent(EventQueue.java:744) ~[?:?]
	at java.awt.EventDispatchThread.pumpOneEventForFilters(EventDispatchThread.java:203) ~[?:?]
	at java.awt.EventDispatchThread.pumpEventsForFilter(EventDispatchThread.java:124) ~[?:?]
	at java.awt.EventDispatchThread.pumpEventsForHierarchy(EventDispatchThread.java:113) ~[?:?]
	at java.awt.EventDispatchThread.pumpEvents(EventDispatchThread.java:109) ~[?:?]
	at java.awt.EventDispatchThread.pumpEvents(EventDispatchThread.java:101) ~[?:?]
	at java.awt.EventDispatchThread.run(EventDispatchThread.java:90) ~[?:?]
FATAL [Thread-2] 2025-10-30T01:18:23,083 GUIScheduleRunner - RunTimeException when running the schedule
Current tick (0.0)
java.lang.RuntimeException: java.lang.reflect.InvocationTargetException
	at repast.simphony.engine.schedule.DynamicTargetAction.execute(DynamicTargetAction.java:72) ~[?:?]
	at repast.simphony.engine.controller.ScheduledMethodControllerAction$ScheduleMethodAllAction.execute(ScheduledMethodControllerAction.java:336) ~[?:?]
	at repast.simphony.engine.schedule.DefaultAction.execute(DefaultAction.java:38) ~[?:?]
	at repast.simphony.engine.schedule.ScheduleGroup.executeList(ScheduleGroup.java:205) ~[?:?]
	at repast.simphony.engine.schedule.ScheduleGroup.execute(ScheduleGroup.java:231) ~[?:?]
	at repast.simphony.engine.schedule.Schedule.execute(Schedule.java:375) ~[?:?]
	at repast.simphony.ui.GUIScheduleRunner$ScheduleLoopRunnable.run(GUIScheduleRunner.java:52) ~[?:?]
	at java.lang.Thread.run(Thread.java:840) ~[?:?]
Caused by: java.lang.reflect.InvocationTargetException
	at subtes.relogo.UserObserver$$FastClassByCGLIB$$8c740765.invoke(<generated>) ~[?:?]
	at net.sf.cglib.reflect.FastMethod.invoke(FastMethod.java:53) ~[?:?]
	at repast.simphony.engine.schedule.DynamicTargetAction.execute(DynamicTargetAction.java:69) ~[?:?]
	... 7 more
Caused by: java.lang.NullPointerException: Cannot invoke method setShape() on null object
	at org.codehaus.groovy.runtime.NullObject.invokeMethod(NullObject.java:110) ~[groovy-3.0.21-indy.jar:3.0.21]
	at org.codehaus.groovy.vmplugin.v8.IndyGuardsFiltersAndSignatures.invokeGroovyObjectInvoker(IndyGuardsFiltersAndSignatures.java:148) ~[groovy-3.0.21-indy.jar:3.0.21]
	at org.codehaus.groovy.vmplugin.v8.IndyInterface.fromCache(IndyInterface.java:318) ~[groovy-3.0.21-indy.jar:3.0.21]
	at subtes.relogo.Subte.createFormacion(Subte.groovy:126) ~[?:?]
	at org.codehaus.groovy.vmplugin.v8.IndyInterface.fromCache(IndyInterface.java:318) ~[groovy-3.0.21-indy.jar:3.0.21]
	at subtes.relogo.UserObserver.createInicial(UserObserver.groovy:133) ~[?:?]
	at org.codehaus.groovy.vmplugin.v8.IndyInterface.fromCache(IndyInterface.java:318) ~[groovy-3.0.21-indy.jar:3.0.21]
	at subtes.relogo.UserObserver.setup(UserObserver.groovy:65) ~[?:?]
	at subtes.relogo.UserObserver$$FastClassByCGLIB$$8c740765.invoke(<generated>) ~[?:?]
	at net.sf.cglib.reflect.FastMethod.invoke(FastMethod.java:53) ~[?:?]
	at repast.simphony.engine.schedule.DynamicTargetAction.execute(DynamicTargetAction.java:69) ~[?:?]
	... 7 more
